Component: ARM Compiler 5.05 update 1 (build 106) Tool: armlink [4d0efa]

==============================================================================

Section Cross References

    main.o(.text) refers to infrared.o(.text) for infrared
    main.o(.text) refers to cpu_a.o(.text) for CPU_SR_Save
    main.o(.text) refers to os_core.o(.text) for OS_Sched0
    main.o(.text) refers to os_flag.o(.text) for OS_FlagPost
    main.o(.text) refers to os_time.o(.text) for OSTimeDlyHMSM
    main.o(.text) refers to slide.o(.text) for slide
    main.o(.text) refers to logic.o(.text) for initialize
    main.o(.text) refers to render.o(.text) for drawStage
    main.o(.text) refers to cpu_core.o(.text) for CPU_Init
    main.o(.text) refers to os_stat.o(.text) for OSStatTaskCPUUsageInit
    main.o(.text) refers to os_task.o(.text) for OSTaskCreate
    main.o(.text) refers to os_var.o(.data) for OSSchedLockNestingCtr
    main.o(.text) refers to main.o(.data) for slideDir
    main.o(.text) refers to main.o(.bss) for PlayFlags
    main.o(.text) refers to logic.o(.data) for sum_score
    main.o(.text) refers to logic.o(.bss) for game
    main.o(.text) refers to delay.o(.text) for delay_init
    main.o(.text) refers to misc.o(.text) for NVIC_PriorityGroupConfig
    main.o(.text) refers to usart.o(.text) for uart_init
    main.o(.text) refers to led.o(.text) for LED_Init
    main.o(.text) refers to lcd.o(.text) for LCD_Init
    main.o(.text) refers to key.o(.text) for KEY_Init
    main.o(.text) refers to remote.o(.text) for Remote_Init
    main.o(.text) refers to touch.o(.data) for tp_dev
    system_stm32f10x.o(.text) refers to system_stm32f10x.o(.data) for SystemCoreClock
    led.o(.text) refers to stm32f10x_rcc.o(.text) for RCC_APB2PeriphClockCmd
    led.o(.text) refers to stm32f10x_gpio.o(.text) for GPIO_Init
    lcd.o(.text) refers to _printf_percent.o(.ARM.Collect$$_printf_percent$$00000000) for _printf_percent
    lcd.o(.text) refers to _printf_x.o(.ARM.Collect$$_printf_percent$$0000000C) for _printf_x
    lcd.o(.text) refers to _printf_hex_int.o(.text) for _printf_longlong_hex
    lcd.o(.text) refers to delay.o(.text) for delay_us
    lcd.o(.text) refers to lcd.o(.bss) for lcddev
    lcd.o(.text) refers to dflt_clz.o(x$fpl$dfltu) for __aeabi_ui2d
    lcd.o(.text) refers to dmul.o(x$fpl$dmul) for __aeabi_dmul
    lcd.o(.text) refers to dfixu.o(x$fpl$dfixu) for __aeabi_d2uiz
    lcd.o(.text) refers to lcd.o(.data) for POINT_COLOR
    lcd.o(.text) refers to stm32f10x_rcc.o(.text) for RCC_APB2PeriphClockCmd
    lcd.o(.text) refers to stm32f10x_gpio.o(.text) for GPIO_PinRemapConfig
    lcd.o(.text) refers to noretval__2printf.o(.text) for __2printf
    lcd.o(.text) refers to lcd.o(.constdata) for asc2_1206
    24cxx.o(.text) refers to myiic.o(.text) for IIC_Init
    24cxx.o(.text) refers to delay.o(.text) for delay_ms
    myiic.o(.text) refers to stm32f10x_rcc.o(.text) for RCC_APB2PeriphClockCmd
    myiic.o(.text) refers to stm32f10x_gpio.o(.text) for GPIO_Init
    myiic.o(.text) refers to delay.o(.text) for delay_us
    key.o(.text) refers to stm32f10x_rcc.o(.text) for RCC_APB2PeriphClockCmd
    key.o(.text) refers to stm32f10x_gpio.o(.text) for GPIO_PinRemapConfig
    key.o(.text) refers to delay.o(.text) for delay_ms
    key.o(.text) refers to key.o(.data) for key_up
    ctiic.o(.text) refers to delay.o(.text) for delay_us
    ft5206.o(.text) refers to _printf_percent.o(.ARM.Collect$$_printf_percent$$00000000) for _printf_percent
    ft5206.o(.text) refers to _printf_x.o(.ARM.Collect$$_printf_percent$$0000000C) for _printf_x
    ft5206.o(.text) refers to _printf_hex_int.o(.text) for _printf_longlong_hex
    ft5206.o(.text) refers to ctiic.o(.text) for CT_IIC_Start
    ft5206.o(.text) refers to stm32f10x_rcc.o(.text) for RCC_APB2PeriphClockCmd
    ft5206.o(.text) refers to stm32f10x_gpio.o(.text) for GPIO_Init
    ft5206.o(.text) refers to delay.o(.text) for delay_ms
    ft5206.o(.text) refers to noretval__2printf.o(.text) for __2printf
    ft5206.o(.text) refers to ft5206.o(.data) for t
    ft5206.o(.text) refers to touch.o(.data) for tp_dev
    ft5206.o(.text) refers to ft5206.o(.constdata) for FT5206_TPX_TBL
    gt9147.o(.text) refers to _printf_percent.o(.ARM.Collect$$_printf_percent$$00000000) for _printf_percent
    gt9147.o(.text) refers to _printf_s.o(.ARM.Collect$$_printf_percent$$00000014) for _printf_s
    gt9147.o(.text) refers to _printf_str.o(.text) for _printf_str
    gt9147.o(.text) refers to _printf_d.o(.ARM.Collect$$_printf_percent$$00000009) for _printf_d
    gt9147.o(.text) refers to _printf_dec.o(.text) for _printf_int_dec
    gt9147.o(.text) refers to ctiic.o(.text) for CT_IIC_Start
    gt9147.o(.text) refers to stm32f10x_rcc.o(.text) for RCC_APB2PeriphClockCmd
    gt9147.o(.text) refers to stm32f10x_gpio.o(.text) for GPIO_Init
    gt9147.o(.text) refers to delay.o(.text) for delay_ms
[...]
    TIM_ITRxExternalClockConfig              0x08009b9f   Thumb Code    24  stm32f10x_tim.o(.text)
    TIM_TIxExternalClockConfig               0x08009bb7   Thumb Code    62  stm32f10x_tim.o(.text)
    TIM_ETRConfig                            0x08009bf5   Thumb Code    28  stm32f10x_tim.o(.text)
    TIM_ETRClockMode1Config                  0x08009c11   Thumb Code    54  stm32f10x_tim.o(.text)
    TIM_ETRClockMode2Config                  0x08009c47   Thumb Code    32  stm32f10x_tim.o(.text)
    TIM_PrescalerConfig                      0x08009c67   Thumb Code     6  stm32f10x_tim.o(.text)
    TIM_CounterModeConfig                    0x08009c6d   Thumb Code    18  stm32f10x_tim.o(.text)
    TIM_EncoderInterfaceConfig               0x08009c7f   Thumb Code    66  stm32f10x_tim.o(.text)
    TIM_ForcedOC1Config                      0x08009cc1   Thumb Code    18  stm32f10x_tim.o(.text)
    TIM_ForcedOC2Config                      0x08009cd3   Thumb Code    26  stm32f10x_tim.o(.text)
    TIM_ForcedOC3Config                      0x08009ced   Thumb Code    18  stm32f10x_tim.o(.text)
    TIM_ForcedOC4Config                      0x08009cff   Thumb Code    26  stm32f10x_tim.o(.text)
    TIM_ARRPreloadConfig                     0x08009d19   Thumb Code    24  stm32f10x_tim.o(.text)
    TIM_SelectCOM                            0x08009d31   Thumb Code    24  stm32f10x_tim.o(.text)
    TIM_SelectCCDMA                          0x08009d49   Thumb Code    24  stm32f10x_tim.o(.text)
    TIM_CCPreloadControl                     0x08009d61   Thumb Code    24  stm32f10x_tim.o(.text)
    TIM_OC1PreloadConfig                     0x08009d79   Thumb Code    18  stm32f10x_tim.o(.text)
    TIM_OC2PreloadConfig                     0x08009d8b   Thumb Code    26  stm32f10x_tim.o(.text)
    TIM_OC3PreloadConfig                     0x08009da5   Thumb Code    18  stm32f10x_tim.o(.text)
    TIM_OC4PreloadConfig                     0x08009db7   Thumb Code    26  stm32f10x_tim.o(.text)
    TIM_OC1FastConfig                        0x08009dd1   Thumb Code    18  stm32f10x_tim.o(.text)
    TIM_OC2FastConfig                        0x08009de3   Thumb Code    26  stm32f10x_tim.o(.text)
    TIM_OC3FastConfig                        0x08009dfd   Thumb Code    18  stm32f10x_tim.o(.text)
    TIM_OC4FastConfig                        0x08009e0f   Thumb Code    26  stm32f10x_tim.o(.text)
    TIM_ClearOC1Ref                          0x08009e29   Thumb Code    18  stm32f10x_tim.o(.text)
    TIM_ClearOC2Ref                          0x08009e3b   Thumb Code    24  stm32f10x_tim.o(.text)
    TIM_ClearOC3Ref                          0x08009e53   Thumb Code    18  stm32f10x_tim.o(.text)
    TIM_ClearOC4Ref                          0x08009e65   Thumb Code    24  stm32f10x_tim.o(.text)
    TIM_OC1PolarityConfig                    0x08009e7d   Thumb Code    18  stm32f10x_tim.o(.text)
    TIM_OC1NPolarityConfig                   0x08009e8f   Thumb Code    18  stm32f10x_tim.o(.text)
    TIM_OC2PolarityConfig                    0x08009ea1   Thumb Code    26  stm32f10x_tim.o(.text)
    TIM_OC2NPolarityConfig                   0x08009ebb   Thumb Code    26  stm32f10x_tim.o(.text)
    TIM_OC3PolarityConfig                    0x08009ed5   Thumb Code    26  stm32f10x_tim.o(.text)
    TIM_OC3NPolarityConfig                   0x08009eef   Thumb Code    26  stm32f10x_tim.o(.text)
    TIM_OC4PolarityConfig                    0x08009f09   Thumb Code    26  stm32f10x_tim.o(.text)
    TIM_CCxCmd                               0x08009f23   Thumb Code    30  stm32f10x_tim.o(.text)
    TIM_CCxNCmd                              0x08009f41   Thumb Code    30  stm32f10x_tim.o(.text)
    TIM_SelectOCxM                           0x08009f5f   Thumb Code    82  stm32f10x_tim.o(.text)
    TIM_UpdateDisableConfig                  0x08009fb1   Thumb Code    24  stm32f10x_tim.o(.text)
    TIM_UpdateRequestConfig                  0x08009fc9   Thumb Code    24  stm32f10x_tim.o(.text)
    TIM_SelectHallSensor                     0x08009fe1   Thumb Code    24  stm32f10x_tim.o(.text)
    TIM_SelectOnePulseMode                   0x08009ff9   Thumb Code    18  stm32f10x_tim.o(.text)
    TIM_SelectOutputTrigger                  0x0800a00b   Thumb Code    18  stm32f10x_tim.o(.text)
    TIM_SelectSlaveMode                      0x0800a01d   Thumb Code    18  stm32f10x_tim.o(.text)
    TIM_SelectMasterSlaveMode                0x0800a02f   Thumb Code    18  stm32f10x_tim.o(.text)
    TIM_SetCounter                           0x0800a041   Thumb Code     4  stm32f10x_tim.o(.text)
    TIM_SetAutoreload                        0x0800a045   Thumb Code     4  stm32f10x_tim.o(.text)
    TIM_SetCompare1                          0x0800a049   Thumb Code     4  stm32f10x_tim.o(.text)
    TIM_SetCompare2                          0x0800a04d   Thumb Code     4  stm32f10x_tim.o(.text)
    TIM_SetCompare3                          0x0800a051   Thumb Code     4  stm32f10x_tim.o(.text)
    TIM_SetCompare4                          0x0800a055   Thumb Code     6  stm32f10x_tim.o(.text)
    TIM_SetClockDivision                     0x0800a05b   Thumb Code    18  stm32f10x_tim.o(.text)
    TIM_GetCapture1                          0x0800a06d   Thumb Code     6  stm32f10x_tim.o(.text)
    TIM_GetCapture2                          0x0800a073   Thumb Code     6  stm32f10x_tim.o(.text)
    TIM_GetCapture3                          0x0800a079   Thumb Code     6  stm32f10x_tim.o(.text)
    TIM_GetCapture4                          0x0800a07f   Thumb Code     8  stm32f10x_tim.o(.text)
    TIM_GetCounter                           0x0800a087   Thumb Code     6  stm32f10x_tim.o(.text)
    TIM_GetPrescaler                         0x0800a08d   Thumb Code     6  stm32f10x_tim.o(.text)
    TIM_GetFlagStatus                        0x0800a093   Thumb Code    18  stm32f10x_tim.o(.text)
    TIM_ClearFlag                            0x0800a0a5   Thumb Code     6  stm32f10x_tim.o(.text)
    TIM_GetITStatus                          0x0800a0ab   Thumb Code    34  stm32f10x_tim.o(.text)
    TIM_ClearITPendingBit                    0x0800a0cd   Thumb Code     6  stm32f10x_tim.o(.text)
    BSP_CPU_ClkFreq                          0x0800a0d5   Thumb Code    16  bsp.o(.text)
    CPU_TS_TmrInit                           0x0800a0e5   Thumb Code    44  bsp.o(.text)
    CPU_TS_TmrRd                             0x0800a111   Thumb Code     6  bsp.o(.text)
    CPU_TS32_to_uSec                         0x0800a117   Thumb Code    54  bsp.o(.text)
    CPU_NameClr                              0x0800a159   Thumb Code    42  cpu_core.o(.text)
    CPU_Init                                 0x0800a199   Thumb Code    12  cpu_core.o(.text)
    CPU_SW_Exception                         0x0800a1a5   Thumb Code     4  cpu_core.o(.text)
    CPU_NameGet                              0x0800a1a9   Thumb Code    70  cpu_core.o(.text)
    CPU_NameSet                              0x0800a1ef   Thumb Code    96  cpu_core.o(.text)
    CPU_TS_Get32                             0x0800a24f   Thumb Code    12  cpu_core.o(.text)
    CPU_TS_Update                            0x0800a25b   Thumb Code     2  cpu_core.o(.text)
    CPU_TS_TmrFreqGet                        0x0800a25d   Thumb Code    30  cpu_core.o(.text)
    CPU_TS_TmrFreqSet                        0x0800a27b   Thumb Code     6  cpu_core.o(.text)
    CPU_CntLeadZeros08                       0x0800a281   Thumb Code    18  cpu_core.o(.text)
    CPU_CntLeadZeros16                       0x0800a293   Thumb Code    18  cpu_core.o(.text)
    CPU_CntLeadZeros32                       0x0800a2a5   Thumb Code    18  cpu_core.o(.text)
    CPU_CntLeadZeros64                       0x0800a2b7   Thumb Code   188  cpu_core.o(.text)
    CPU_CntTrailZeros08                      0x0800a373   Thumb Code    22  cpu_core.o(.text)
    CPU_CntTrailZeros16                      0x0800a389   Thumb Code    22  cpu_core.o(.text)
    CPU_CntTrailZeros32                      0x0800a39f   Thumb Code    22  cpu_core.o(.text)
    CPU_CntTrailZeros64                      0x0800a3b5   Thumb Code    62  cpu_core.o(.text)
    CPU_IntDis                               0x0800a401   Thumb Code     0  cpu_a.o(.text)
    CPU_IntEn                                0x0800a405   Thumb Code     0  cpu_a.o(.text)
    CPU_SR_Save                              0x0800a409   Thumb Code     0  cpu_a.o(.text)
    CPU_SR_Restore                           0x0800a411   Thumb Code     0  cpu_a.o(.text)
    CPU_WaitForInt                           0x0800a417   Thumb Code     0  cpu_a.o(.text)
    CPU_WaitForExcept                        0x0800a41b   Thumb Code     0  cpu_a.o(.text)
    CPU_CntLeadZeros                         0x0800a41f   Thumb Code     0  cpu_a.o(.text)
    CPU_CntTrailZeros                        0x0800a425   Thumb Code     0  cpu_a.o(.text)
    CPU_RevBits                              0x0800a42f   Thumb Code     0  cpu_a.o(.text)
    ASCII_IsAlpha                            0x0800a435   Thumb Code    48  lib_ascii.o(.text)
    ASCII_IsAlphaNum                         0x0800a465   Thumb Code    76  lib_ascii.o(.text)
    ASCII_IsLower                            0x0800a4b1   Thumb Code    20  lib_ascii.o(.text)
    ASCII_IsUpper                            0x0800a4c5   Thumb Code    20  lib_ascii.o(.text)
    ASCII_IsDig                              0x0800a4d9   Thumb Code    20  lib_ascii.o(.text)
    ASCII_IsDigOct                           0x0800a4ed   Thumb Code    20  lib_ascii.o(.text)
    ASCII_IsDigHex                           0x0800a501   Thumb Code    36  lib_ascii.o(.text)
    ASCII_IsBlank                            0x0800a525   Thumb Code    20  lib_ascii.o(.text)
    ASCII_IsSpace                            0x0800a539   Thumb Code    36  lib_ascii.o(.text)
    ASCII_IsPrint                            0x0800a55d   Thumb Code    20  lib_ascii.o(.text)
    ASCII_IsGraph                            0x0800a571   Thumb Code    20  lib_ascii.o(.text)
    ASCII_IsPunct                            0x0800a585   Thumb Code   134  lib_ascii.o(.text)
    ASCII_IsCtrl                             0x0800a60b   Thumb Code    26  lib_ascii.o(.text)
    ASCII_ToLower                            0x0800a625   Thumb Code    32  lib_ascii.o(.text)
    ASCII_ToUpper                            0x0800a645   Thumb Code    32  lib_ascii.o(.text)
    ASCII_Cmp                                0x0800a665   Thumb Code    38  lib_ascii.o(.text)
    Mem_Init                                 0x0800a68d   Thumb Code    54  lib_mem.o(.text)
    Mem_Set                                  0x0800a6c3   Thumb Code    84  lib_mem.o(.text)
    Mem_Clr                                  0x0800a717   Thumb Code    18  lib_mem.o(.text)
    Mem_Move                                 0x0800a729   Thumb Code   186  lib_mem.o(.text)
    Mem_Cmp                                  0x0800a7e3   Thumb Code   192  lib_mem.o(.text)
    Mem_HeapAlloc                            0x0800a91b   Thumb Code   168  lib_mem.o(.text)
    Mem_SegGetSizeRem                        0x0800a9c3   Thumb Code   108  lib_mem.o(.text)
    Mem_HeapGetSizeRem                       0x0800aa2f   Thumb Code    22  lib_mem.o(.text)
    Mem_PoolClr                              0x0800aa45   Thumb Code    80  lib_mem.o(.text)
    Mem_PoolCreate                           0x0800aa95   Thumb Code   838  lib_mem.o(.text)
    Mem_PoolBlkGetNbrAvail                   0x0800addb   Thumb Code    52  lib_mem.o(.text)
    Mem_PoolBlkGet                           0x0800ae0f   Thumb Code   126  lib_mem.o(.text)
    Mem_PoolBlkGetUsedAtIx                   0x0800ae8d   Thumb Code   140  lib_mem.o(.text)
    Mem_PoolBlkFree                          0x0800af19   Thumb Code   152  lib_mem.o(.text)
    Mem_PoolBlkIxGet                         0x0800afb1   Thumb Code   162  lib_mem.o(.text)
    Str_Len_N                                0x0800b055   Thumb Code    28  lib_str.o(.text)
    Str_Len                                  0x0800b071   Thumb Code    20  lib_str.o(.text)
    Str_Copy_N                               0x0800b085   Thumb Code    70  lib_str.o(.text)
    Str_Copy                                 0x0800b0cb   Thumb Code    24  lib_str.o(.text)
    Str_Cat_N                                0x0800b0e3   Thumb Code    90  lib_str.o(.text)
    Str_Cat                                  0x0800b13d   Thumb Code    24  lib_str.o(.text)
    Str_Cmp_N                                0x0800b155   Thumb Code   156  lib_str.o(.text)
    Str_Cmp                                  0x0800b1f1   Thumb Code    24  lib_str.o(.text)
    Str_CmpIgnoreCase_N                      0x0800b209   Thumb Code   264  lib_str.o(.text)
    Str_CmpIgnoreCase                        0x0800b311   Thumb Code    24  lib_str.o(.text)
    Str_Char_N                               0x0800b329   Thumb Code    74  lib_str.o(.text)
    Str_Char                                 0x0800b373   Thumb Code    24  lib_str.o(.text)
    Str_Char_Last_N                          0x0800b38b   Thumb Code    76  lib_str.o(.text)
    Str_Char_Last                            0x0800b3d7   Thumb Code    24  lib_str.o(.text)
    Str_Char_Replace_N                       0x0800b3ef   Thumb Code    52  lib_str.o(.text)
    Str_Char_Replace                         0x0800b423   Thumb Code    28  lib_str.o(.text)
    Str_Str_N                                0x0800b43f   Thumb Code   182  lib_str.o(.text)
    Str_Str                                  0x0800b4f5   Thumb Code    24  lib_str.o(.text)
    Str_FmtNbr_Int32U                        0x0800b6e9   Thumb Code    46  lib_str.o(.text)
    Str_FmtNbr_Int32S                        0x0800b717   Thumb Code    62  lib_str.o(.text)
    Str_ParseNbr_Int32U                      0x0800b913   Thumb Code    30  lib_str.o(.text)
    Str_ParseNbr_Int32S                      0x0800b931   Thumb Code    74  lib_str.o(.text)
    Mem_Copy                                 0x0800b981   Thumb Code     0  lib_mem_a.o(.text)
    OSCfg_Init                               0x0800bba1   Thumb Code    86  os_cfg_app.o(.text)
    OS_IdleTask                              0x0800bc9d   Thumb Code    60  os_core.o(.text)
    OS_IdleTaskInit                          0x0800bcd9   Thumb Code    68  os_core.o(.text)
    OS_RdyListInit                           0x0800bd1d   Thumb Code    32  os_core.o(.text)
    OSInit                                   0x0800bd3d   Thumb Code   300  os_core.o(.text)
    OSIntEnter                               0x0800be69   Thumb Code    34  os_core.o(.text)
    OSIntExit                                0x0800be8b   Thumb Code   192  os_core.o(.text)
    OSSched                                  0x0800bf4b   Thumb Code   134  os_core.o(.text)
    OS_SchedLockTimeMeasStart                0x0800bfd1   Thumb Code    20  os_core.o(.text)
    OSSchedLock                              0x0800bfe5   Thumb Code   104  os_core.o(.text)
    OS_SchedLockTimeMeasStop                 0x0800c04d   Thumb Code    44  os_core.o(.text)
    OSSchedUnlock                            0x0800c079   Thumb Code   290  os_core.o(.text)
    OSSchedRoundRobinCfg                     0x0800c19b   Thumb Code    88  os_core.o(.text)
    OS_RdyListMoveHeadToTail                 0x0800c1f3   Thumb Code    68  os_core.o(.text)
    OSSchedRoundRobinYield                   0x0800c237   Thumb Code   164  os_core.o(.text)
    OSStart                                  0x0800c2db   Thumb Code    78  os_core.o(.text)
    OSVersion                                0x0800c329   Thumb Code    12  os_core.o(.text)
    OS_PendDbgNameAdd                        0x0800c335   Thumb Code    66  os_core.o(.text)
    OS_PendListInsertPrio                    0x0800c377   Thumb Code   102  os_core.o(.text)
    OS_PendDataInit                          0x0800c3dd   Thumb Code    38  os_core.o(.text)
    OS_RdyListRemove                         0x0800c403   Thumb Code    86  os_core.o(.text)
    OS_TaskBlock                             0x0800c459   Thumb Code    56  os_core.o(.text)
    OS_Pend                                  0x0800c491   Thumb Code    98  os_core.o(.text)
    OS_PendListRemove1                       0x0800c4f3   Thumb Code   134  os_core.o(.text)
    OS_PendListRemove                        0x0800c579   Thumb Code    48  os_core.o(.text)
    OS_PendAbort1                            0x0800c5a9   Thumb Code    36  os_core.o(.text)
    OS_RdyListInsertHead                     0x0800c5cd   Thumb Code    58  os_core.o(.text)
    OS_RdyListInsertTail                     0x0800c607   Thumb Code    56  os_core.o(.text)
    OS_RdyListInsert                         0x0800c63f   Thumb Code    40  os_core.o(.text)
    OS_TaskRdy                               0x0800c667   Thumb Code    28  os_core.o(.text)
    OS_PendAbort                             0x0800c683   Thumb Code   166  os_core.o(.text)
    OS_PendDbgNameRemove                     0x0800c729   Thumb Code    34  os_core.o(.text)
    OS_PendListChangePrio                    0x0800c74b   Thumb Code    70  os_core.o(.text)
    OS_PendListInit                          0x0800c791   Thumb Code    10  os_core.o(.text)
    OS_PendListInsertHead                    0x0800c79b   Thumb Code    32  os_core.o(.text)
    OS_PendObjDel1                           0x0800c7bb   Thumb Code    36  os_core.o(.text)
    OS_PendObjDel                            0x0800c7df   Thumb Code   162  os_core.o(.text)
    OS_Post1                                 0x0800c881   Thumb Code    42  os_core.o(.text)
    OS_Post                                  0x0800c8ab   Thumb Code   192  os_core.o(.text)
    OS_Sched0                                0x0800c96b   Thumb Code   102  os_core.o(.text)
    OS_SchedRoundRobin                       0x0800c9d1   Thumb Code   190  os_core.o(.text)
    OS_Dbg_Init                              0x0800caa1   Thumb Code   146  os_dbg.o(.text)
    OS_FlagDbgListAdd                        0x0800cc51   Thumb Code    38  os_flag.o(.text)
    OSFlagCreate                             0x0800cc77   Thumb Code   172  os_flag.o(.text)
    OS_FlagClr                               0x0800cd23   Thumb Code    28  os_flag.o(.text)
    OS_FlagDbgListRemove                     0x0800cd3f   Thumb Code    44  os_flag.o(.text)
    OSFlagDel                                0x0800cd6b   Thumb Code   594  os_flag.o(.text)
    OS_FlagBlock                             0x0800cfbd   Thumb Code    58  os_flag.o(.text)
    OSFlagPend                               0x0800cff7   Thumb Code  1488  os_flag.o(.text)
    OSFlagPendAbort                          0x0800d5c7   Thumb Code   292  os_flag.o(.text)
    OSFlagPendGetFlagsRdy                    0x0800d6eb   Thumb Code    68  os_flag.o(.text)
    OS_FlagTaskRdy                           0x0800d72f   Thumb Code    86  os_flag.o(.text)
    OS_FlagPost                              0x0800d785   Thumb Code   570  os_flag.o(.text)
    OSFlagPost                               0x0800d9bf   Thumb Code   146  os_flag.o(.text)
    OS_FlagInit                              0x0800da51   Thumb Code    14  os_flag.o(.text)
    OS_IntQPost                              0x0800da79   Thumb Code   216  os_int.o(.text)
    OS_IntQRePost                            0x0800db51   Thumb Code   360  os_int.o(.text)
    OS_IntQTask                              0x0800dcb9   Thumb Code   162  os_int.o(.text)
    OS_IntQTaskInit                          0x0800dd5b   Thumb Code   208  os_int.o(.text)
    OS_MemDbgListAdd                         0x0800debd   Thumb Code    34  os_mem.o(.text)
    OSMemCreate                              0x0800dedf   Thumb Code   288  os_mem.o(.text)
    OSMemGet                                 0x0800dfff   Thumb Code   100  os_mem.o(.text)
    OSMemPut                                 0x0800e063   Thumb Code   112  os_mem.o(.text)
    OS_MemInit                               0x0800e0d3   Thumb Code    14  os_mem.o(.text)
    OS_MsgPoolCreate                         0x0800e0f5   Thumb Code    54  os_msg.o(.text)
    OS_MsgPoolInit                           0x0800e12b   Thumb Code    70  os_msg.o(.text)
    OS_MsgQFreeAll                           0x0800e171   Thumb Code    62  os_msg.o(.text)
    OS_MsgQInit                              0x0800e1af   Thumb Code    14  os_msg.o(.text)
    OS_MsgQGet                               0x0800e1bd   Thumb Code    98  os_msg.o(.text)
    OS_MsgQPut                               0x0800e21f   Thumb Code   246  os_msg.o(.text)
    OS_MutexDbgListAdd                       0x0800e321   Thumb Code    38  os_mutex.o(.text)
    OSMutexCreate                            0x0800e347   Thumb Code   178  os_mutex.o(.text)
    OS_MutexClr                              0x0800e3f9   Thumb Code    38  os_mutex.o(.text)
    OS_MutexDbgListRemove                    0x0800e41f   Thumb Code    44  os_mutex.o(.text)
    OSMutexDel                               0x0800e44b   Thumb Code   842  os_mutex.o(.text)
    OSMutexPend                              0x0800e795   Thumb Code   706  os_mutex.o(.text)
    OSMutexPendAbort                         0x0800ea57   Thumb Code   314  os_mutex.o(.text)
    OSMutexPost                              0x0800eb91   Thumb Code   564  os_mutex.o(.text)
    OS_MutexInit                             0x0800edc5   Thumb Code    14  os_mutex.o(.text)
    OS_PrioInit                              0x0800edf5   Thumb Code    20  os_prio.o(.text)
    OS_PrioGetHighest                        0x0800ee09   Thumb Code    36  os_prio.o(.text)
    OS_PrioInsert                            0x0800ee2d   Thumb Code    32  os_prio.o(.text)
    OS_PrioRemove                            0x0800ee4d   Thumb Code    32  os_prio.o(.text)
    OS_QDbgListAdd                           0x0800ee71   Thumb Code    38  os_q.o(.text)
    OSQCreate                                0x0800ee97   Thumb Code   186  os_q.o(.text)
    OS_QClr                                  0x0800ef51   Thumb Code    40  os_q.o(.text)
    OS_QDbgListRemove                        0x0800ef79   Thumb Code    44  os_q.o(.text)
    OSQDel                                   0x0800efa5   Thumb Code   362  os_q.o(.text)
    OSQFlush                                 0x0800f10f   Thumb Code   210  os_q.o(.text)
    OSQPend                                  0x0800f1e1   Thumb Code   538  os_q.o(.text)
    OSQPendAbort                             0x0800f3fb   Thumb Code   292  os_q.o(.text)
    OS_QPost                                 0x0800f51f   Thumb Code   324  os_q.o(.text)
    OSQPost                                  0x0800f663   Thumb Code   198  os_q.o(.text)
    OS_QInit                                 0x0800f729   Thumb Code    14  os_q.o(.text)
    OS_SemDbgListAdd                         0x0800f749   Thumb Code    38  os_sem.o(.text)
    OSSemCreate                              0x0800f76f   Thumb Code   172  os_sem.o(.text)
    OS_SemClr                                0x0800f81b   Thumb Code    28  os_sem.o(.text)
    OS_SemDbgListRemove                      0x0800f837   Thumb Code    44  os_sem.o(.text)
    OSSemDel                                 0x0800f863   Thumb Code   362  os_sem.o(.text)
    OSSemPend                                0x0800f9cd   Thumb Code   504  os_sem.o(.text)
    OSSemPendAbort                           0x0800fbc5   Thumb Code   292  os_sem.o(.text)
    OS_SemPost                               0x0800fce9   Thumb Code   350  os_sem.o(.text)
    OSSemPost                                0x0800fe47   Thumb Code   144  os_sem.o(.text)
    OSSemSet                                 0x0800fed7   Thumb Code   138  os_sem.o(.text)
    OS_SemInit                               0x0800ff61   Thumb Code    14  os_sem.o(.text)
    OSStatReset                              0x0800ff79   Thumb Code   270  os_stat.o(.text)
    OSStatTaskCPUUsageInit                   0x08010087   Thumb Code   212  os_stat.o(.text)
    OS_StatTask                              0x0801015b   Thumb Code   888  os_stat.o(.text)
    OS_StatTaskInit                          0x080104d3   Thumb Code   138  os_stat.o(.text)
    OSTaskChangePrio                         0x080105b1   Thumb Code   416  os_task.o(.text)
    OS_TaskDbgListAdd                        0x08010751   Thumb Code    42  os_task.o(.text)
    OS_TaskInitTCB                           0x0801077b   Thumb Code   186  os_task.o(.text)
    OSTaskCreate                             0x08010835   Thumb Code   616  os_task.o(.text)
    OS_TaskDbgListRemove                     0x08010a9d   Thumb Code    64  os_task.o(.text)
    OSTaskDel                                0x08010add   Thumb Code   424  os_task.o(.text)
    OSTaskQFlush                             0x08010c85   Thumb Code   214  os_task.o(.text)
    OSTaskQPend                              0x08010d5b   Thumb Code   554  os_task.o(.text)
    OSTaskQPendAbort                         0x08010f85   Thumb Code   242  os_task.o(.text)
    OS_TaskQPost                             0x08011077   Thumb Code   526  os_task.o(.text)
    OSTaskQPost                              0x08011285   Thumb Code   114  os_task.o(.text)
    OSTaskRegGet                             0x080112f7   Thumb Code    78  os_task.o(.text)
    OSTaskRegGetID                           0x08011345   Thumb Code    84  os_task.o(.text)
    OSTaskRegSet                             0x08011399   Thumb Code    78  os_task.o(.text)
    OS_TaskResume                            0x080113e7   Thumb Code   314  os_task.o(.text)
    OSTaskResume                             0x08011521   Thumb Code   112  os_task.o(.text)
    OSTaskSemPend                            0x08011591   Thumb Code   550  os_task.o(.text)
    OSTaskSemPendAbort                       0x080117b7   Thumb Code   270  os_task.o(.text)
    OS_TaskSemPost                           0x080118c5   Thumb Code  1224  os_task.o(.text)
    OSTaskSemPost                            0x08011d8d   Thumb Code    98  os_task.o(.text)
    OSTaskSemSet                             0x08011def   Thumb Code    80  os_task.o(.text)
    OSTaskStkChk                             0x08011e3f   Thumb Code   224  os_task.o(.text)
    OS_TaskSuspend                           0x08011f1f   Thumb Code   328  os_task.o(.text)
    OSTaskSuspend                            0x08012067   Thumb Code    78  os_task.o(.text)
    OSTaskTimeQuantaSet                      0x080120b5   Thumb Code    96  os_task.o(.text)
    OS_TaskInit                              0x08012115   Thumb Code    18  os_task.o(.text)
    OS_TaskReturn                            0x08012127   Thumb Code    20  os_task.o(.text)
    OS_TickListRemove                        0x08012165   Thumb Code    56  os_tick.o(.text)
    OS_TickListUpdate                        0x0801219d   Thumb Code   480  os_tick.o(.text)
    OS_TickTask                              0x0801237d   Thumb Code    38  os_tick.o(.text)
    OS_TickListInit                          0x080123a3   Thumb Code    32  os_tick.o(.text)
    OS_TickTaskInit                          0x080123c3   Thumb Code   130  os_tick.o(.text)
    OS_TickListInsert                        0x08012445   Thumb Code   502  os_tick.o(.text)
    OS_TickListResetPeak                     0x0801263b   Thumb Code    28  os_tick.o(.text)
    OSTimeDly                                0x08012661   Thumb Code   266  os_time.o(.text)
    OSTimeDlyHMSM                            0x0801276b   Thumb Code   480  os_time.o(.text)
    OSTimeDlyResume                          0x0801294b   Thumb Code   466  os_time.o(.text)
    OSTimeGet                                0x08012b1d   Thumb Code    46  os_time.o(.text)
    OSTimeSet                                0x08012b4b   Thumb Code    46  os_time.o(.text)
    OSTimeTick                               0x08012b79   Thumb Code    54  os_time.o(.text)
    OS_TmrDbgListAdd                         0x08012bc5   Thumb Code    34  os_tmr.o(.text)
    OSTmrCreate                              0x08012be7   Thumb Code   248  os_tmr.o(.text)
    OS_TmrClr                                0x08012cdf   Thumb Code    36  os_tmr.o(.text)
    OS_TmrUnlink                             0x08012d03   Thumb Code    72  os_tmr.o(.text)
    OS_TmrDbgListRemove                      0x08012d4b   Thumb Code    44  os_tmr.o(.text)
    OSTmrDel                                 0x08012d77   Thumb Code   176  os_tmr.o(.text)
    OSTmrRemainGet                           0x08012e27   Thumb Code   184  os_tmr.o(.text)
    OS_TmrLink                               0x08012edf   Thumb Code   196  os_tmr.o(.text)
    OSTmrStart                               0x08012fa3   Thumb Code   210  os_tmr.o(.text)
    OSTmrStateGet                            0x08013075   Thumb Code   134  os_tmr.o(.text)
    OSTmrStop                                0x080130fb   Thumb Code   232  os_tmr.o(.text)
    OS_TmrTask                               0x080131e3   Thumb Code   176  os_tmr.o(.text)
    OS_TmrInit                               0x08013293   Thumb Code   208  os_tmr.o(.text)
    OS_TmrResetPeak                          0x08013363   Thumb Code    28  os_tmr.o(.text)
    OSIdleTaskHook                           0x080133dd   Thumb Code    16  os_cpu_c.o(.text)
    OSInitHook                               0x080133ed   Thumb Code    42  os_cpu_c.o(.text)
    OSStatTaskHook                           0x08013417   Thumb Code    16  os_cpu_c.o(.text)
    OSTaskCreateHook                         0x08013427   Thumb Code    20  os_cpu_c.o(.text)
    OSTaskDelHook                            0x0801343b   Thumb Code    20  os_cpu_c.o(.text)
    OSTaskReturnHook                         0x0801344f   Thumb Code    20  os_cpu_c.o(.text)
    OSTaskStkInit                            0x08013463   Thumb Code   188  os_cpu_c.o(.text)
    OSTaskSwHook                             0x0801351f   Thumb Code   120  os_cpu_c.o(.text)
    OSTimeTickHook                           0x08013597   Thumb Code    16  os_cpu_c.o(.text)
    OS_CPU_SysTickHandler                    0x080135a7   Thumb Code    52  os_cpu_c.o(.text)
    OS_CPU_SysTickInit                       0x080135db   Thumb Code    44  os_cpu_c.o(.text)
    getColor                                 0x08013649   Thumb Code   146  render.o(.text)
    drawInterface                            0x080136db   Thumb Code   512  render.o(.text)
    drawStage                                0x080138db   Thumb Code    82  render.o(.text)
    slideTest                                0x0801392d   Thumb Code    46  render.o(.text)
    game_result                              0x0801395b   Thumb Code    76  render.o(.text)
    s_abs                                    0x080139cd   Thumb Code    18  slide.o(.text)
    slide                                    0x080139df   Thumb Code   232  slide.o(.text)
    put_random                               0x08013ad5   Thumb Code   184  logic.o(.text)
    initialize                               0x08013b8d   Thumb Code    54  logic.o(.text)
    test_left                                0x08013bc3   Thumb Code    82  logic.o(.text)
    move_left                                0x08013c15   Thumb Code   154  logic.o(.text)
    test_right                               0x08013caf   Thumb Code    82  logic.o(.text)
    move_right                               0x08013d01   Thumb Code   154  logic.o(.text)
    test_up                                  0x08013d9b   Thumb Code    82  logic.o(.text)
    move_up                                  0x08013ded   Thumb Code   154  logic.o(.text)
    test_down                                0x08013e87   Thumb Code    90  logic.o(.text)
    move_down                                0x08013ee1   Thumb Code   154  logic.o(.text)
    test_16                                  0x08013f7b   Thumb Code    50  logic.o(.text)
    lost_game                                0x08013fad   Thumb Code    92  logic.o(.text)
    win_game                                 0x08014009   Thumb Code    44  logic.o(.text)
    moveAndJudge                             0x08014035   Thumb Code    72  logic.o(.text)
    infrared                                 0x08014085   Thumb Code    44  infrared.o(.text)
    __use_no_semihosting                     0x080140b1   Thumb Code     2  use_no_semi_2.o(.text)
    __aeabi_uldivmod                         0x080140b3   Thumb Code     0  lludivv7m.o(.text)
    _ll_udiv                                 0x080140b3   Thumb Code   238  lludivv7m.o(.text)
    __2printf                                0x080141a1   Thumb Code    20  noretval__2printf.o(.text)
    __printf                                 0x080141b9   Thumb Code   104  __printf.o(.text)
    _printf_str                              0x08014221   Thumb Code    82  _printf_str.o(.text)
    _printf_int_dec                          0x08014275   Thumb Code   104  _printf_dec.o(.text)
    _printf_int_hex                          0x080142ed   Thumb Code    84  _printf_hex_int.o(.text)
    _printf_longlong_hex                     0x080142ed   Thumb Code     0  _printf_hex_int.o(.text)
    srand                                    0x08014345   Thumb Code    42  rand.o(.text)
    _rand_init                               0x0801436f   Thumb Code     4  rand.o(.text)
    strcmp                                   0x08014381   Thumb Code   128  strcmpv7m.o(.text)
    __use_two_region_memory                  0x08014401   Thumb Code     2  heapauxi.o(.text)
    __rt_heap_escrow$2region                 0x08014403   Thumb Code     2  heapauxi.o(.text)
    __rt_heap_expand$2region                 0x08014405   Thumb Code     2  heapauxi.o(.text)
    __I$use$semihosting                      0x08014407   Thumb Code     0  use_no_semi.o(.text)
    __use_no_semihosting_swi                 0x08014407   Thumb Code     2  use_no_semi.o(.text)
    __read_errno                             0x08014409   Thumb Code    10  _rserrno.o(.text)
    __set_errno                              0x08014413   Thumb Code    12  _rserrno.o(.text)
    _printf_int_common                       0x0801441f   Thumb Code   178  _printf_intcommon.o(.text)
    _printf_cs_common                        0x080144d1   Thumb Code    20  _printf_char.o(.text)
    _printf_char                             0x080144e5   Thumb Code    16  _printf_char.o(.text)
    _printf_string                           0x080144f5   Thumb Code     8  _printf_char.o(.text)
    _printf_char_file                        0x080144fd   Thumb Code    32  _printf_char_file.o(.text)
    __aeabi_errno_addr                       0x08014521   Thumb Code     8  rt_errno_addr_intlibspace.o(.text)
    __errno$intlibspace                      0x08014521   Thumb Code     0  rt_errno_addr_intlibspace.o(.text)
    __rt_errno_addr$intlibspace              0x08014521   Thumb Code     0  rt_errno_addr_intlibspace.o(.text)
    _printf_char_common                      0x08014533   Thumb Code    32  _printf_char_common.o(.text)
    ferror                                   0x08014559   Thumb Code     8  ferror.o(.text)
    __user_libspace                          0x08014561   Thumb Code     8  libspace.o(.text)
    __user_perproc_libspace                  0x08014561   Thumb Code     0  libspace.o(.text)
    __user_perthread_libspace                0x08014561   Thumb Code     0  libspace.o(.text)
    __user_setup_stackheap                   0x08014569   Thumb Code    74  sys_stackheap_outer.o(.text)
    exit                                     0x080145b3   Thumb Code    12  exit.o(.text)
    OSStartHighRdy                           0x080145c1   Thumb Code     0  os_cpu_a.o(CODE)
    PendSV_Handler                           0x080145f7   Thumb Code     0  os_cpu_a.o(CODE)
    sqrt                                     0x08014659   Thumb Code    76  sqrt.o(i.sqrt)
    __aeabi_dadd                             0x080146a5   Thumb Code     0  daddsub_clz.o(x$fpl$dadd)
    _dadd                                    0x080146a5   Thumb Code   332  daddsub_clz.o(x$fpl$dadd)
    __fpl_dcmp_Inf                           0x080147f5   Thumb Code    24  dcmpi.o(x$fpl$dcmpinf)
    __aeabi_d2uiz                            0x0801480d   Thumb Code     0  dfixu.o(x$fpl$dfixu)
    _dfixu                                   0x0801480d   Thumb Code    90  dfixu.o(x$fpl$dfixu)
    __aeabi_i2d                              0x08014867   Thumb Code     0  dflt_clz.o(x$fpl$dflt)
    _dflt                                    0x08014867   Thumb Code    46  dflt_clz.o(x$fpl$dflt)
    __aeabi_ui2d                             0x08014895   Thumb Code     0  dflt_clz.o(x$fpl$dfltu)
    _dfltu                                   0x08014895   Thumb Code    38  dflt_clz.o(x$fpl$dfltu)
    __aeabi_cdcmple                          0x080148bd   Thumb Code     0  dleqf.o(x$fpl$dleqf)
    _dcmple                                  0x080148bd   Thumb Code   120  dleqf.o(x$fpl$dleqf)
    __fpl_dcmple_InfNaN                      0x0801491f   Thumb Code     0  dleqf.o(x$fpl$dleqf)
    __aeabi_dmul                             0x08014935   Thumb Code     0  dmul.o(x$fpl$dmul)
    _dmul                                    0x08014935   Thumb Code   332  dmul.o(x$fpl$dmul)
    __fpl_dnaninf                            0x08014a89   Thumb Code   156  dnaninf.o(x$fpl$dnaninf)
    __fpl_dretinf                            0x08014b25   Thumb Code    12  dretinf.o(x$fpl$dretinf)
    __aeabi_cdrcmple                         0x08014b31   Thumb Code     0  drleqf.o(x$fpl$drleqf)
    _drcmple                                 0x08014b31   Thumb Code   108  drleqf.o(x$fpl$drleqf)
    __aeabi_drsub                            0x08014b9d   Thumb Code     0  daddsub_clz.o(x$fpl$drsb)
    _drsb                                    0x08014b9d   Thumb Code    22  daddsub_clz.o(x$fpl$drsb)
    _dsqrt                                   0x08014bb5   Thumb Code   456  dsqrt_noumaal.o(x$fpl$dsqrt)
    __aeabi_dsub                             0x08014d81   Thumb Code     0  daddsub_clz.o(x$fpl$dsub)
    _dsub                                    0x08014d81   Thumb Code   464  daddsub_clz.o(x$fpl$dsub)
    __aeabi_f2d                              0x08014f55   Thumb Code     0  f2d.o(x$fpl$f2d)
    _f2d                                     0x08014f55   Thumb Code    86  f2d.o(x$fpl$f2d)
    __aeabi_fadd                             0x08014fad   Thumb Code     0  faddsub_clz.o(x$fpl$fadd)
    _fadd                                    0x08014fad   Thumb Code   196  faddsub_clz.o(x$fpl$fadd)
    __aeabi_fdiv                             0x08015071   Thumb Code     0  fdiv.o(x$fpl$fdiv)
    _fdiv                                    0x08015071   Thumb Code   384  fdiv.o(x$fpl$fdiv)
    __aeabi_f2iz                             0x080151f5   Thumb Code     0  ffix.o(x$fpl$ffix)
    _ffix                                    0x080151f5   Thumb Code    54  ffix.o(x$fpl$ffix)
    __aeabi_f2uiz                            0x0801522d   Thumb Code     0  ffixu.o(x$fpl$ffixu)
    _ffixu                                   0x0801522d   Thumb Code    62  ffixu.o(x$fpl$ffixu)
    __aeabi_i2f                              0x0801526d   Thumb Code     0  fflt_clz.o(x$fpl$fflt)
    _fflt                                    0x0801526d   Thumb Code    48  fflt_clz.o(x$fpl$fflt)
    __aeabi_ui2f                             0x0801529d   Thumb Code     0  fflt_clz.o(x$fpl$ffltu)
    _ffltu                                   0x0801529d   Thumb Code    38  fflt_clz.o(x$fpl$ffltu)
    __aeabi_fmul                             0x080152c5   Thumb Code     0  fmul.o(x$fpl$fmul)
    _fmul                                    0x080152c5   Thumb Code   258  fmul.o(x$fpl$fmul)
    __fpl_fnaninf                            0x080153c7   Thumb Code   140  fnaninf.o(x$fpl$fnaninf)
    __fpl_fretinf                            0x08015453   Thumb Code    10  fretinf.o(x$fpl$fretinf)
    __aeabi_fsub                             0x0801545d   Thumb Code     0  faddsub_clz.o(x$fpl$fsub)
    _fsub                                    0x0801545d   Thumb Code   234  faddsub_clz.o(x$fpl$fsub)
    __I$use$fp                               0x08015546   Number         0  usenofp.o(x$fpl$usenofp)
    asc2_1206                                0x08015546   Data        1140  lcd.o(.constdata)
    asc2_1608                                0x080159ba   Data        1520  lcd.o(.constdata)
    asc2_2412                                0x08015faa   Data        3420  lcd.o(.constdata)
    FT5206_TPX_TBL                           0x08016d06   Data          10  ft5206.o(.constdata)
    GT9147_CFG_TBL                           0x08016d10   Data         184  gt9147.o(.constdata)
    GT9147_TPX_TBL                           0x08016dc8   Data          10  gt9147.o(.constdata)
    OTT_TPX_TBL                              0x08016dd2   Data          10  ott2001a.o(.constdata)
    TP_ADJDIS_TBL                            0x08016ddc   Data          12  touch.o(.constdata)
    CPU_EndiannessTest                       0x08016ee8   Data           4  cpu_core.o(.constdata)
    OSCfg_IdleTaskStkBasePtr                 0x08016f80   Data           4  os_cfg_app.o(.constdata)
    OSCfg_IdleTaskStkLimit                   0x08016f84   Data           4  os_cfg_app.o(.constdata)
    OSCfg_IdleTaskStkSize                    0x08016f88   Data           4  os_cfg_app.o(.constdata)
    OSCfg_IdleTaskStkSizeRAM                 0x08016f8c   Data           4  os_cfg_app.o(.constdata)
    OSCfg_IntQBasePtr                        0x08016f90   Data           4  os_cfg_app.o(.constdata)
    OSCfg_IntQSize                           0x08016f94   Data           2  os_cfg_app.o(.constdata)
    OSCfg_IntQSizeRAM                        0x08016f98   Data           4  os_cfg_app.o(.constdata)
    OSCfg_IntQTaskStkBasePtr                 0x08016f9c   Data           4  os_cfg_app.o(.constdata)
    OSCfg_IntQTaskStkLimit                   0x08016fa0   Data           4  os_cfg_app.o(.constdata)
    OSCfg_IntQTaskStkSize                    0x08016fa4   Data           4  os_cfg_app.o(.constdata)
    OSCfg_IntQTaskStkSizeRAM                 0x08016fa8   Data           4  os_cfg_app.o(.constdata)
    OSCfg_ISRStkBasePtr                      0x08016fac   Data           4  os_cfg_app.o(.constdata)
    OSCfg_ISRStkSize                         0x08016fb0   Data           4  os_cfg_app.o(.constdata)
    OSCfg_ISRStkSizeRAM                      0x08016fb4   Data           4  os_cfg_app.o(.constdata)
    OSCfg_MsgPoolSize                        0x08016fb8   Data           2  os_cfg_app.o(.constdata)
    OSCfg_MsgPoolSizeRAM                     0x08016fbc   Data           4  os_cfg_app.o(.constdata)
    OSCfg_MsgPoolBasePtr                     0x08016fc0   Data           4  os_cfg_app.o(.constdata)
    OSCfg_StatTaskPrio                       0x08016fc4   Data           1  os_cfg_app.o(.constdata)
    OSCfg_StatTaskRate_Hz                    0x08016fc8   Data           4  os_cfg_app.o(.constdata)
    OSCfg_StatTaskStkBasePtr                 0x08016fcc   Data           4  os_cfg_app.o(.constdata)
    OSCfg_StatTaskStkLimit                   0x08016fd0   Data           4  os_cfg_app.o(.constdata)
    OSCfg_StatTaskStkSize                    0x08016fd4   Data           4  os_cfg_app.o(.constdata)
    OSCfg_StatTaskStkSizeRAM                 0x08016fd8   Data           4  os_cfg_app.o(.constdata)
    OSCfg_StkSizeMin                         0x08016fdc   Data           4  os_cfg_app.o(.constdata)
    OSCfg_TickRate_Hz                        0x08016fe0   Data           4  os_cfg_app.o(.constdata)
    OSCfg_TickTaskPrio                       0x08016fe4   Data           1  os_cfg_app.o(.constdata)
    OSCfg_TickTaskStkBasePtr                 0x08016fe8   Data           4  os_cfg_app.o(.constdata)
    OSCfg_TickTaskStkLimit                   0x08016fec   Data           4  os_cfg_app.o(.constdata)
    OSCfg_TickTaskStkSize                    0x08016ff0   Data           4  os_cfg_app.o(.constdata)
    OSCfg_TickTaskStkSizeRAM                 0x08016ff4   Data           4  os_cfg_app.o(.constdata)
    OSCfg_TickWheelSize                      0x08016ff8   Data           2  os_cfg_app.o(.constdata)
    OSCfg_TickWheelSizeRAM                   0x08016ffc   Data           4  os_cfg_app.o(.constdata)
    OSCfg_TmrTaskPrio                        0x08017000   Data           1  os_cfg_app.o(.constdata)
    OSCfg_TmrTaskRate_Hz                     0x08017004   Data           4  os_cfg_app.o(.constdata)
    OSCfg_TmrTaskStkBasePtr                  0x08017008   Data           4  os_cfg_app.o(.constdata)
    OSCfg_TmrTaskStkLimit                    0x0801700c   Data           4  os_cfg_app.o(.constdata)
    OSCfg_TmrTaskStkSize                     0x08017010   Data           4  os_cfg_app.o(.constdata)
    OSCfg_TmrTaskStkSizeRAM                  0x08017014   Data           4  os_cfg_app.o(.constdata)
    OSCfg_TmrWheelSize                       0x08017018   Data           2  os_cfg_app.o(.constdata)
    OSCfg_TmrWheelSizeRAM                    0x0801701c   Data           4  os_cfg_app.o(.constdata)
    OSCfg_DataSizeRAM                        0x08017020   Data           4  os_cfg_app.o(.constdata)
    OSDbg_DbgEn                              0x08017024   Data           2  os_dbg.o(.constdata)
    OSDbg_ArgChkEn                           0x08017026   Data           1  os_dbg.o(.constdata)
    OSDbg_AppHooksEn                         0x08017027   Data           1  os_dbg.o(.constdata)
    OSDbg_EndiannessTest                     0x08017028   Data           4  os_dbg.o(.constdata)
    OSDbg_CalledFromISRChkEn                 0x0801702c   Data           1  os_dbg.o(.constdata)
    OSDbg_FlagEn                             0x0801702d   Data           1  os_dbg.o(.constdata)
    OSDbg_FlagGrp                            0x08017030   Data          40  os_dbg.o(.constdata)
    OSDbg_FlagDelEn                          0x08017058   Data           1  os_dbg.o(.constdata)
    OSDbg_FlagModeClrEn                      0x08017059   Data           1  os_dbg.o(.constdata)
    OSDbg_FlagPendAbortEn                    0x0801705a   Data           1  os_dbg.o(.constdata)
    OSDbg_FlagGrpSize                        0x0801705c   Data           2  os_dbg.o(.constdata)
    OSDbg_FlagWidth                          0x0801705e   Data           2  os_dbg.o(.constdata)
    OSDbg_IntQ                               0x08017060   Data           2  os_dbg.o(.constdata)
    OSDbg_ISRPostDeferredEn                  0x08017062   Data           1  os_dbg.o(.constdata)
    OSDbg_Mem                                0x08017064   Data          32  os_dbg.o(.constdata)
    OSDbg_MemEn                              0x08017084   Data           1  os_dbg.o(.constdata)
    OSDbg_MemSize                            0x08017086   Data           2  os_dbg.o(.constdata)
    OSDbg_MsgEn                              0x08017088   Data           1  os_dbg.o(.constdata)
    OSDbg_MsgSize                            0x0801708a   Data           2  os_dbg.o(.constdata)
    OSDbg_MsgPoolSize                        0x0801708c   Data           2  os_dbg.o(.constdata)
    OSDbg_MsgQSize                           0x0801708e   Data           2  os_dbg.o(.constdata)
    OSDbg_Mutex                              0x08017090   Data          44  os_dbg.o(.constdata)
    OSDbg_MutexEn                            0x080170bc   Data           1  os_dbg.o(.constdata)
    OSDbg_MutexDelEn                         0x080170bd   Data           1  os_dbg.o(.constdata)
    OSDbg_MutexPendAbortEn                   0x080170be   Data           1  os_dbg.o(.constdata)
    OSDbg_MutexSize                          0x080170c0   Data           2  os_dbg.o(.constdata)
    OSDbg_ObjTypeChkEn                       0x080170c2   Data           1  os_dbg.o(.constdata)
    OSDbg_PendMultiEn                        0x080170c3   Data           1  os_dbg.o(.constdata)
    OSDbg_PendDataSize                       0x080170c4   Data           2  os_dbg.o(.constdata)
    OSDbg_PendListSize                       0x080170c6   Data           2  os_dbg.o(.constdata)
    OSDbg_PendObjSize                        0x080170c8   Data           2  os_dbg.o(.constdata)
    OSDbg_PrioMax                            0x080170ca   Data           2  os_dbg.o(.constdata)
    OSDbg_PrioTblSize                        0x080170cc   Data           2  os_dbg.o(.constdata)
    OSDbg_PtrSize                            0x080170ce   Data           2  os_dbg.o(.constdata)
    OSDbg_Q                                  0x080170d0   Data          48  os_dbg.o(.constdata)
    OSDbg_QEn                                0x08017100   Data           1  os_dbg.o(.constdata)
    OSDbg_QDelEn                             0x08017101   Data           1  os_dbg.o(.constdata)
    OSDbg_QFlushEn                           0x08017102   Data           1  os_dbg.o(.constdata)
    OSDbg_QPendAbortEn                       0x08017103   Data           1  os_dbg.o(.constdata)
    OSDbg_QSize                              0x08017104   Data           2  os_dbg.o(.constdata)
    OSDbg_SchedRoundRobinEn                  0x08017106   Data           1  os_dbg.o(.constdata)
    OSDbg_Sem                                0x08017108   Data          40  os_dbg.o(.constdata)
    OSDbg_SemEn                              0x08017130   Data           1  os_dbg.o(.constdata)
    OSDbg_SemDelEn                           0x08017131   Data           1  os_dbg.o(.constdata)
    OSDbg_SemPendAbortEn                     0x08017132   Data           1  os_dbg.o(.constdata)
    OSDbg_SemSetEn                           0x08017133   Data           1  os_dbg.o(.constdata)
    OSDbg_SemSize                            0x08017134   Data           2  os_dbg.o(.constdata)
    OSDbg_RdyList                            0x08017136   Data           2  os_dbg.o(.constdata)
    OSDbg_RdyListSize                        0x08017138   Data           4  os_dbg.o(.constdata)
    OSDbg_StkWidth                           0x0801713c   Data           1  os_dbg.o(.constdata)
    OSDbg_StatTaskEn                         0x0801713d   Data           1  os_dbg.o(.constdata)
    OSDbg_StatTaskStkChkEn                   0x0801713e   Data           1  os_dbg.o(.constdata)
    OSDbg_TaskChangePrioEn                   0x0801713f   Data           1  os_dbg.o(.constdata)
    OSDbg_TaskDelEn                          0x08017140   Data           1  os_dbg.o(.constdata)
    OSDbg_TaskQEn                            0x08017141   Data           1  os_dbg.o(.constdata)
    OSDbg_TaskQPendAbortEn                   0x08017142   Data           1  os_dbg.o(.constdata)
    OSDbg_TaskProfileEn                      0x08017143   Data           1  os_dbg.o(.constdata)
    OSDbg_TaskRegTblSize                     0x08017144   Data           2  os_dbg.o(.constdata)
    OSDbg_TaskSemPendAbortEn                 0x08017146   Data           1  os_dbg.o(.constdata)
    OSDbg_TaskSuspendEn                      0x08017147   Data           1  os_dbg.o(.constdata)
    OSDbg_TCBSize                            0x08017148   Data           2  os_dbg.o(.constdata)
    OSDbg_TickSpokeSize                      0x0801714a   Data           2  os_dbg.o(.constdata)
    OSDbg_TimeDlyHMSMEn                      0x0801714c   Data           1  os_dbg.o(.constdata)
    OSDbg_TimeDlyResumeEn                    0x0801714d   Data           1  os_dbg.o(.constdata)
    OSDbg_TLS_TblSize                        0x0801714e   Data           2  os_dbg.o(.constdata)
    OSDbg_Tmr                                0x08017150   Data          52  os_dbg.o(.constdata)
    OSDbg_TmrEn                              0x08017184   Data           1  os_dbg.o(.constdata)
    OSDbg_TmrDelEn                           0x08017185   Data           1  os_dbg.o(.constdata)
    OSDbg_TmrSize                            0x08017186   Data           2  os_dbg.o(.constdata)
    OSDbg_TmrSpokeSize                       0x08017188   Data           2  os_dbg.o(.constdata)
    OSDbg_VersionNbr                         0x0801718a   Data           2  os_dbg.o(.constdata)
    OSDbg_DataSize                           0x0801718c   Data           4  os_dbg.o(.constdata)
    Region$$Table$$Base                      0x08017234   Number         0  anon$$obj.o(Region$$Table)
    Region$$Table$$Limit                     0x08017254   Number         0  anon$$obj.o(Region$$Table)
    slideDir                                 0x20000000   Data           4  main.o(.data)
    key                                      0x20000004   Data           1  main.o(.data)
    Lgame                                    0x20000006   Data          32  main.o(.data)
    SystemCoreClock                          0x20000028   Data           4  system_stm32f10x.o(.data)
    AHBPrescTable                            0x2000002c   Data          16  system_stm32f10x.o(.data)
    POINT_COLOR                              0x2000003c   Data           2  lcd.o(.data)
    BACK_COLOR                               0x2000003e   Data           2  lcd.o(.data)
    tp_dev                                   0x20000044   Data          52  touch.o(.data)
    CMD_RDX                                  0x20000078   Data           1  touch.o(.data)
    CMD_RDY                                  0x20000079   Data           1  touch.o(.data)
    TP_REMIND_MSG_TBL                        0x2000007c   Data           4  touch.o(.data)
    RmtSta                                   0x20000080   Data           1  remote.o(.data)
    Dval                                     0x20000082   Data           2  remote.o(.data)
    RmtRec                                   0x20000084   Data           4  remote.o(.data)
    RmtCnt                                   0x20000088   Data           1  remote.o(.data)
    __stdout                                 0x20000090   Data           4  usart.o(.data)
    USART_RX_STA                             0x20000094   Data           2  usart.o(.data)
    CPU_TS_TmrFreq_Hz                        0x200000ac   Data           4  cpu_core.o(.data)
    Mem_PoolTbl                              0x200000b0   Data           4  lib_mem.o(.data)
    OSPrioTbl                                0x200000b4   Data           8  os_prio.o(.data)
    OS_AppTaskCreateHookPtr                  0x200000bc   Data           4  os_var.o(.data)
    OS_AppTaskDelHookPtr                     0x200000c0   Data           4  os_var.o(.data)
    OS_AppTaskReturnHookPtr                  0x200000c4   Data           4  os_var.o(.data)
    OS_AppIdleTaskHookPtr                    0x200000c8   Data           4  os_var.o(.data)
    OS_AppStatTaskHookPtr                    0x200000cc   Data           4  os_var.o(.data)
    OS_AppTaskSwHookPtr                      0x200000d0   Data           4  os_var.o(.data)
    OS_AppTimeTickHookPtr                    0x200000d4   Data           4  os_var.o(.data)
    OSIdleTaskCtr                            0x200000d8   Data           4  os_var.o(.data)
    OSIntNestingCtr                          0x200000dc   Data           1  os_var.o(.data)
    OSRunning                                0x200000dd   Data           1  os_var.o(.data)
    OSIntQInPtr                              0x200000e0   Data           4  os_var.o(.data)
    OSIntQOutPtr                             0x200000e4   Data           4  os_var.o(.data)
    OSIntQNbrEntries                         0x200000e8   Data           2  os_var.o(.data)
    OSIntQNbrEntriesMax                      0x200000ea   Data           2  os_var.o(.data)
    OSIntQOvfCtr                             0x200000ec   Data           2  os_var.o(.data)
    OSIntQTaskTimeMax                        0x200000f0   Data           4  os_var.o(.data)
    OSFlagDbgListPtr                         0x200000f4   Data           4  os_var.o(.data)
    OSFlagQty                                0x200000f8   Data           2  os_var.o(.data)
    OSMemDbgListPtr                          0x200000fc   Data           4  os_var.o(.data)
    OSMemQty                                 0x20000100   Data           2  os_var.o(.data)
    OSMutexDbgListPtr                        0x20000104   Data           4  os_var.o(.data)
    OSMutexQty                               0x20000108   Data           2  os_var.o(.data)
    OSPrioCur                                0x2000010a   Data           1  os_var.o(.data)
    OSPrioHighRdy                            0x2000010b   Data           1  os_var.o(.data)
    OSPrioSaved                              0x2000010c   Data           1  os_var.o(.data)
    OSQDbgListPtr                            0x20000110   Data           4  os_var.o(.data)
    OSQQty                                   0x20000114   Data           2  os_var.o(.data)
    OSSchedLockTimeBegin                     0x20000118   Data           4  os_var.o(.data)
    OSSchedLockTimeMax                       0x2000011c   Data           4  os_var.o(.data)
    OSSchedLockTimeMaxCur                    0x20000120   Data           4  os_var.o(.data)
    OSSchedLockNestingCtr                    0x20000124   Data           1  os_var.o(.data)
    OSSchedRoundRobinDfltTimeQuanta          0x20000128   Data           4  os_var.o(.data)
    OSSchedRoundRobinEn                      0x2000012c   Data           1  os_var.o(.data)
    OSSemDbgListPtr                          0x20000130   Data           4  os_var.o(.data)
    OSSemQty                                 0x20000134   Data           2  os_var.o(.data)
    OSStatResetFlag                          0x20000136   Data           1  os_var.o(.data)
    OSStatTaskCPUUsage                       0x20000138   Data           2  os_var.o(.data)
    OSStatTaskCPUUsageMax                    0x2000013a   Data           2  os_var.o(.data)
    OSStatTaskCtr                            0x2000013c   Data           4  os_var.o(.data)
    OSStatTaskCtrMax                         0x20000140   Data           4  os_var.o(.data)
    OSStatTaskCtrRun                         0x20000144   Data           4  os_var.o(.data)
    OSStatTaskRdy                            0x20000148   Data           1  os_var.o(.data)
    OSStatTaskTimeMax                        0x2000014c   Data           4  os_var.o(.data)
    OSTaskCtxSwCtr                           0x20000150   Data           4  os_var.o(.data)
    OSTaskDbgListPtr                         0x20000154   Data           4  os_var.o(.data)
    OSTaskQty                                0x20000158   Data           2  os_var.o(.data)
    OSTaskRegNextAvailID                     0x2000015a   Data           1  os_var.o(.data)
    OSTickCtr                                0x2000015c   Data           4  os_var.o(.data)
    OSTickTaskTimeMax                        0x20000160   Data           4  os_var.o(.data)
    OSTmrDbgListPtr                          0x20000164   Data           4  os_var.o(.data)
    OSTmrQty                                 0x20000168   Data           2  os_var.o(.data)
    OSTmrTaskTimeMax                         0x2000016c   Data           4  os_var.o(.data)
    OSTmrTickCtr                             0x20000170   Data           4  os_var.o(.data)
    OSTmrUpdateCnt                           0x20000174   Data           4  os_var.o(.data)
    OSTmrUpdateCtr                           0x20000178   Data           4  os_var.o(.data)
    OSTCBCurPtr                              0x2000017c   Data           4  os_var.o(.data)
    OSTCBHighRdyPtr                          0x20000180   Data           4  os_var.o(.data)
    OS_CPU_ExceptStkBase                     0x20000184   Data           4  os_cpu_c.o(.data)
    sum_score                                0x20000188   Data           2  logic.o(.data)
    PlayFlags                                0x20000190   Data          40  main.o(.bss)
    StartTaskTCB                             0x200001b8   Data         196  main.o(.bss)
    START_TASK_STK                           0x2000027c   Data        2560  main.o(.bss)
    Led1TaskTCB                              0x20000c7c   Data         196  main.o(.bss)
    LED1_TASK_STK                            0x20000d40   Data         512  main.o(.bss)
    Lcd1TaskTCB                              0x20000f40   Data         196  main.o(.bss)
    LCD1_TASK_STK                            0x20001008   Data         512  main.o(.bss)
    ScanTaskTCB                              0x20001208   Data         196  main.o(.bss)
    SCAN_TASK_STK                            0x200012cc   Data         512  main.o(.bss)
    RemoteTaskTCB                            0x200014cc   Data         196  main.o(.bss)
    REMOTE_TASK_STK                          0x20001590   Data         512  main.o(.bss)
    lcddev                                   0x20001790   Data          14  lcd.o(.bss)
    USART_RX_BUF                             0x2000179e   Data         200  usart.o(.bss)
    CPU_Name                                 0x20001866   Data          16  cpu_core.o(.bss)
    Mem_PoolHeap                             0x20001878   Data          72  lib_mem.o(.bss)
    Mem_Heap                                 0x200018c0   Data        1024  lib_mem.o(.bss)
    OSCfg_IdleTaskStk                        0x20001cc0   Data         512  os_cfg_app.o(.bss)
    OSCfg_IntQ                               0x20001ec0   Data         320  os_cfg_app.o(.bss)
    OSCfg_IntQTaskStk                        0x20002000   Data         512  os_cfg_app.o(.bss)
    OSCfg_ISRStk                             0x20002200   Data         512  os_cfg_app.o(.bss)
    OSCfg_MsgPool                            0x20002400   Data        1600  os_cfg_app.o(.bss)
    OSCfg_StatTaskStk                        0x20002a40   Data         512  os_cfg_app.o(.bss)
    OSCfg_TickTaskStk                        0x20002c40   Data         512  os_cfg_app.o(.bss)
    OSCfg_TickWheel                          0x20002e40   Data         136  os_cfg_app.o(.bss)
    OSCfg_TmrTaskStk                         0x20002ec8   Data         512  os_cfg_app.o(.bss)
    OSCfg_TmrWheel                           0x200030c8   Data         136  os_cfg_app.o(.bss)
    OSIdleTaskTCB                            0x20003150   Data         196  os_var.o(.bss)
    OSIntQTaskTCB                            0x20003214   Data         196  os_var.o(.bss)
    OSMsgPool                                0x200032d8   Data          12  os_var.o(.bss)
    OSRdyList                                0x200032e4   Data         768  os_var.o(.bss)
    OSStatTaskTCB                            0x200035e4   Data         196  os_var.o(.bss)
    OSTickTaskTCB                            0x200036a8   Data         196  os_var.o(.bss)
    OSTmrTaskTCB                             0x2000376c   Data         196  os_var.o(.bss)
    point                                    0x20003830   Data          12  slide.o(.bss)
    game                                     0x2000383c   Data          32  logic.o(.bss)
    _random_number_data                      0x2000385c   Data         228  rand.o(.bss)
    __libspace_start                         0x20003940   Data          96  libspace.o(.bss)
    __temporary_stack_top$libspace           0x200039a0   Data           0  libspace.o(.bss)



==============================================================================

Memory Map of the image

  Image Entry point : 0x08000131

  Load Region LR_IROM1 (Base: 0x08000000, Size: 0x000173e0, Max: 0x00040000, ABSOLUTE, COMPRESSED[0x000172a4])

    Execution Region ER_IROM1 (Base: 0x08000000, Size: 0x00017254, Max: 0x00040000, ABSOLUTE)

    Base Addr    Size         Type   Attr      Idx    E Section Name        Object

    0x08000000   0x00000130   Data   RO          495    RESET               startup_stm32f10x_hd.o
    0x08000130   0x00000008   Code   RO         1090  * !!!main             c_w.l(__main.o)
    0x08000138   0x00000034   Code   RO         1349    !!!scatter          c_w.l(__scatter.o)
    0x0800016c   0x0000005a   Code   RO         1347    !!dczerorl2         c_w.l(__dczerorl2.o)
    0x080001c6   0x00000002   PAD
    0x080001c8   0x0000001c   Code   RO         1351    !!handler_zi        c_w.l(__scatter_zi.o)
    0x080001e4   0x00000000   Code   RO         1080    .ARM.Collect$$_printf_percent$$00000000  c_w.l(_printf_percent.o)
    0x080001e4   0x00000006   Code   RO         1079    .ARM.Collect$$_printf_percent$$00000009  c_w.l(_printf_d.o)
    0x080001ea   0x00000006   Code   RO         1078    .ARM.Collect$$_printf_percent$$0000000C  c_w.l(_printf_x.o)
    0x080001f0   0x00000006   Code   RO         1077    .ARM.Collect$$_printf_percent$$00000014  c_w.l(_printf_s.o)
    0x080001f6   0x00000004   Code   RO         1165    .ARM.Collect$$_printf_percent$$00000017  c_w.l(_printf_percent_end.o)
    0x080001fa   0x00000002   Code   RO         1278    .ARM.Collect$$libinit$$00000000  c_w.l(libinit.o)
    0x080001fc   0x00000000   Code   RO         1167    .ARM.Collect$$libinit$$00000002  c_w.l(libinit2.o)
    0x080001fc   0x00000000   Code   RO         1169    .ARM.Collect$$libinit$$00000004  c_w.l(libinit2.o)
    0x080001fc   0x00000000   Code   RO         1172    .ARM.Collect$$libinit$$0000000A  c_w.l(libinit2.o)
    0x080001fc   0x00000000   Code   RO         1174    .ARM.Collect$$libinit$$0000000C  c_w.l(libinit2.o)
    0x080001fc   0x00000004   Code   RO         1175    .ARM.Collect$$libinit$$0000000D  c_w.l(libinit2.o)
    0x08000200   0x00000000   Code   RO         1176    .ARM.Collect$$libinit$$0000000E  c_w.l(libinit2.o)
    0x08000200   0x00000000   Code   RO         1179    .ARM.Collect$$libinit$$00000011  c_w.l(libinit2.o)
    0x08000200   0x00000000   Code   RO         1181    .ARM.Collect$$libinit$$00000013  c_w.l(libinit2.o)
    0x08000200   0x00000000   Code   RO         1183    .ARM.Collect$$libinit$$00000015  c_w.l(libinit2.o)
    0x08000200   0x00000000   Code   RO         1185    .ARM.Collect$$libinit$$00000017  c_w.l(libinit2.o)
    0x08000200   0x00000000   Code   RO         1187    .ARM.Collect$$libinit$$00000019  c_w.l(libinit2.o)
    0x08000200   0x00000000   Code   RO         1189    .ARM.Collect$$libinit$$0000001B  c_w.l(libinit2.o)
    0x08000200   0x00000000   Code   RO         1191    .ARM.Collect$$libinit$$0000001D  c_w.l(libinit2.o)
    0x08000200   0x00000000   Code   RO         1193    .ARM.Collect$$libinit$$0000001F  c_w.l(libinit2.o)
    0x08000200   0x00000000   Code   RO         1195    .ARM.Collect$$libinit$$00000021  c_w.l(libinit2.o)
    0x08000200   0x00000000   Code   RO         1197    .ARM.Collect$$libinit$$00000023  c_w.l(libinit2.o)
    0x08000200   0x00000000   Code   RO         1199    .ARM.Collect$$libinit$$00000025  c_w.l(libinit2.o)
    0x08000200   0x00000000   Code   RO         1203    .ARM.Collect$$libinit$$0000002C  c_w.l(libinit2.o)
    0x08000200   0x00000000   Code   RO         1205    .ARM.Collect$$libinit$$0000002E  c_w.l(libinit2.o)
    0x08000200   0x00000000   Code   RO         1207    .ARM.Collect$$libinit$$00000030  c_w.l(libinit2.o)
    0x08000200   0x00000000   Code   RO         1209    .ARM.Collect$$libinit$$00000032  c_w.l(libinit2.o)
    0x08000200   0x00000002   Code   RO         1210    .ARM.Collect$$libinit$$00000033  c_w.l(libinit2.o)
    0x08000202   0x00000002   Code   RO         1315    .ARM.Collect$$libshutdown$$00000000  c_w.l(libshutdown.o)
    0x08000204   0x00000000   Code   RO         1332    .ARM.Collect$$libshutdown$$00000003  c_w.l(libshutdown2.o)
    0x08000204   0x00000000   Code   RO         1335    .ARM.Collect$$libshutdown$$00000006  c_w.l(libshutdown2.o)
    0x08000204   0x00000000   Code   RO         1338    .ARM.Collect$$libshutdown$$00000009  c_w.l(libshutdown2.o)
    0x08000204   0x00000000   Code   RO         1340    .ARM.Collect$$libshutdown$$0000000B  c_w.l(libshutdown2.o)
    0x08000204   0x00000000   Code   RO         1343    .ARM.Collect$$libshutdown$$0000000E  c_w.l(libshutdown2.o)
    0x08000204   0x00000002   Code   RO         1344    .ARM.Collect$$libshutdown$$0000000F  c_w.l(libshutdown2.o)
    0x08000206   0x00000000   Code   RO         1152    .ARM.Collect$$rtentry$$00000000  c_w.l(__rtentry.o)
    0x08000206   0x00000000   Code   RO         1225    .ARM.Collect$$rtentry$$00000002  c_w.l(__rtentry2.o)
    0x08000206   0x00000006   Code   RO         1237    .ARM.Collect$$rtentry$$00000004  c_w.l(__rtentry4.o)
    0x0800020c   0x00000000   Code   RO         1227    .ARM.Collect$$rtentry$$00000009  c_w.l(__rtentry2.o)
    0x0800020c   0x00000004   Code   RO         1228    .ARM.Collect$$rtentry$$0000000A  c_w.l(__rtentry2.o)
    0x08000210   0x00000000   Code   RO         1230    .ARM.Collect$$rtentry$$0000000C  c_w.l(__rtentry2.o)
    0x08000210   0x00000008   Code   RO         1231    .ARM.Collect$$rtentry$$0000000D  c_w.l(__rtentry2.o)
    0x08000218   0x00000002   Code   RO         1281    .ARM.Collect$$rtexit$$00000000  c_w.l(rtexit.o)
    0x0800021a   0x00000000   Code   RO         1297    .ARM.Collect$$rtexit$$00000002  c_w.l(rtexit2.o)
    0x0800021a   0x00000004   Code   RO         1298    .ARM.Collect$$rtexit$$00000003  c_w.l(rtexit2.o)
    0x0800021e   0x00000006   Code   RO         1299    .ARM.Collect$$rtexit$$00000004  c_w.l(rtexit2.o)
    0x08000224   0x00000034   Code   RO         1081    .emb_text           c_w.l(rand.o)
    0x08000258   0x00000614   Code   RO            1    .text               main.o
    0x0800086c   0x00000016   Code   RO          188    .text               stm32f10x_it.o
    0x08000882   0x00000002   PAD
    0x08000884   0x000001e0   Code   RO          220    .text               system_stm32f10x.o
    0x08000a64   0x00000050   Code   RO          238    .text               led.o
    0x08000ab4   0x00005846   Code   RO          250    .text               lcd.o
    0x080062fa   0x0000017a   Code   RO          277    .text               24cxx.o
    0x08006474   0x00000258   Code   RO          289    .text               myiic.o
    0x080066cc   0x000000fc   Code   RO          301    .text               key.o
    0x080067c8   0x00000260   Code   RO          314    .text               ctiic.o
    0x08006a28   0x00000334   Code   RO          329    .text               ft5206.o
    0x08006d5c   0x000003e4   Code   RO          352    .text               gt9147.o
    0x08007140   0x0000036c   Code   RO          368    .text               ott2001a.o
    0x080074ac   0x00000ca4   Code   RO          384    .text               touch.o
    0x08008150   0x000002a8   Code   RO          404    .text               remote.o
    0x080083f8   0x0000014c   Code   RO          422    .text               delay.o
    0x08008544   0x00000150   Code   RO          460    .text               usart.o
    0x08008694   0x00000040   Code   RO          496    .text               startup_stm32f10x_hd.o
    0x080086d4   0x000000dc   Code   RO          500    .text               misc.o
    0x080087b0   0x0000035c   Code   RO          512    .text               stm32f10x_gpio.o
    0x08008b0c   0x00000408   Code   RO          524    .text               stm32f10x_usart.o
    0x08008f14   0x000003a4   Code   RO          536    .text               stm32f10x_rcc.o
    0x080092b8   0x00000e1a   Code   RO          550    .text               stm32f10x_tim.o
    0x0800a0d2   0x00000002   PAD
    0x0800a0d4   0x00000084   Code   RO          562    .text               bsp.o
    0x0800a158   0x000002a8   Code   RO          577    .text               cpu_core.o
    0x0800a400   0x00000034   Code   RO          615    .text               cpu_a.o
    0x0800a434   0x00000256   Code   RO          618    .text               lib_ascii.o
    0x0800a68a   0x00000002   PAD
    0x0800a68c   0x000009c6   Code   RO          651    .text               lib_mem.o
    0x0800b052   0x00000002   PAD
    0x0800b054   0x0000092c   Code   RO          670    .text               lib_str.o
    0x0800b980   0x00000220   Code   RO          687    .text               lib_mem_a.o
    0x0800bba0   0x000000fc   Code   RO          690    .text               os_cfg_app.o
    0x0800bc9c   0x00000e04   Code   RO          713    .text               os_core.o
    0x0800caa0   0x000001b0   Code   RO          725    .text               os_dbg.o
    0x0800cc50   0x00000e28   Code   RO          740    .text               os_flag.o
    0x0800da78   0x00000444   Code   RO          752    .text               os_int.o
    0x0800debc   0x00000238   Code   RO          764    .text               os_mem.o
    0x0800e0f4   0x0000022c   Code   RO          776    .text               os_msg.o
    0x0800e320   0x00000ad4   Code   RO          788    .text               os_mutex.o
    0x0800edf4   0x0000007c   Code   RO          806    .text               os_prio.o
    0x0800ee70   0x000008d8   Code   RO          825    .text               os_q.o
    0x0800f748   0x00000830   Code   RO          837    .text               os_sem.o
    0x0800ff78   0x00000638   Code   RO          849    .text               os_stat.o
    0x080105b0   0x00001bb4   Code   RO          861    .text               os_task.o
    0x08012164   0x000004fc   Code   RO          873    .text               os_tick.o
    0x08012660   0x00000564   Code   RO          885    .text               os_time.o
    0x08012bc4   0x00000818   Code   RO          897    .text               os_tmr.o
    0x080133dc   0x0000026c   Code   RO          926    .text               os_cpu_c.o
    0x08013648   0x00000384   Code   RO          959    .text               render.o
    0x080139cc   0x00000108   Code   RO          971    .text               slide.o
    0x08013ad4   0x000005b0   Code   RO          986    .text               logic.o
    0x08014084   0x0000002c   Code   RO         1008    .text               infrared.o
    0x080140b0   0x00000002   Code   RO         1022    .text               c_w.l(use_no_semi_2.o)
    0x080140b2   0x000000ee   Code   RO         1024    .text               c_w.l(lludivv7m.o)
    0x080141a0   0x00000018   Code   RO         1028    .text               c_w.l(noretval__2printf.o)
    0x080141b8   0x00000068   Code   RO         1030    .text               c_w.l(__printf.o)
    0x08014220   0x00000052   Code   RO         1032    .text               c_w.l(_printf_str.o)
    0x08014272   0x00000002   PAD
    0x08014274   0x00000078   Code   RO         1034    .text               c_w.l(_printf_dec.o)
    0x080142ec   0x00000058   Code   RO         1039    .text               c_w.l(_printf_hex_int.o)
    0x08014344   0x0000003c   Code   RO         1082    .text               c_w.l(rand.o)
    0x08014380   0x00000080   Code   RO         1086    .text               c_w.l(strcmpv7m.o)
    0x08014400   0x00000006   Code   RO         1088    .text               c_w.l(heapauxi.o)
    0x08014406   0x00000002   Code   RO         1150    .text               c_w.l(use_no_semi.o)
    0x08014408   0x00000016   Code   RO         1157    .text               c_w.l(_rserrno.o)
    0x0801441e   0x000000b2   Code   RO         1159    .text               c_w.l(_printf_intcommon.o)
    0x080144d0   0x0000002c   Code   RO         1161    .text               c_w.l(_printf_char.o)
    0x080144fc   0x00000024   Code   RO         1163    .text               c_w.l(_printf_char_file.o)
    0x08014520   0x00000008   Code   RO         1244    .text               c_w.l(rt_errno_addr_intlibspace.o)
    0x08014528   0x00000030   Code   RO         1246    .text               c_w.l(_printf_char_common.o)
    0x08014558   0x00000008   Code   RO         1248    .text               c_w.l(ferror.o)
    0x08014560   0x00000008   Code   RO         1256    .text               c_w.l(libspace.o)
    0x08014568   0x0000004a   Code   RO         1259    .text               c_w.l(sys_stackheap_outer.o)
    0x080145b2   0x0000000c   Code   RO         1263    .text               c_w.l(exit.o)
    0x080145be   0x00000002   PAD
    0x080145c0   0x00000098   Code   RO          923    CODE                os_cpu_a.o
    0x08014658   0x0000004c   Code   RO         1143    i.sqrt              m_ws.l(sqrt.o)
    0x080146a4   0x00000150   Code   RO         1092    x$fpl$dadd          fz_ws.l(daddsub_clz.o)
    0x080147f4   0x00000018   Code   RO         1211    x$fpl$dcmpinf       fz_ws.l(dcmpi.o)
    0x0801480c   0x0000005a   Code   RO         1098    x$fpl$dfixu         fz_ws.l(dfixu.o)
    0x08014866   0x0000002e   Code   RO         1103    x$fpl$dflt          fz_ws.l(dflt_clz.o)
    0x08014894   0x00000026   Code   RO         1102    x$fpl$dfltu         fz_ws.l(dflt_clz.o)
    0x080148ba   0x00000002   PAD
    0x080148bc   0x00000078   Code   RO         1108    x$fpl$dleqf         fz_ws.l(dleqf.o)
    0x08014934   0x00000154   Code   RO         1110    x$fpl$dmul          fz_ws.l(dmul.o)
    0x08014a88   0x0000009c   Code   RO         1213    x$fpl$dnaninf       fz_ws.l(dnaninf.o)
    0x08014b24   0x0000000c   Code   RO         1215    x$fpl$dretinf       fz_ws.l(dretinf.o)
    0x08014b30   0x0000006c   Code   RO         1112    x$fpl$drleqf        fz_ws.l(drleqf.o)
    0x08014b9c   0x00000016   Code   RO         1093    x$fpl$drsb          fz_ws.l(daddsub_clz.o)
    0x08014bb2   0x00000002   PAD
    0x08014bb4   0x000001cc   Code   RO         1217    x$fpl$dsqrt         fz_ws.l(dsqrt_noumaal.o)
    0x08014d80   0x000001d4   Code   RO         1094    x$fpl$dsub          fz_ws.l(daddsub_clz.o)
    0x08014f54   0x00000056   Code   RO         1114    x$fpl$f2d           fz_ws.l(f2d.o)
    0x08014faa   0x00000002   PAD
    0x08014fac   0x000000c4   Code   RO         1116    x$fpl$fadd          fz_ws.l(faddsub_clz.o)
    0x08015070   0x00000184   Code   RO         1123    x$fpl$fdiv          fz_ws.l(fdiv.o)
    0x080151f4   0x00000036   Code   RO         1126    x$fpl$ffix          fz_ws.l(ffix.o)
    0x0801522a   0x00000002   PAD
    0x0801522c   0x0000003e   Code   RO         1130    x$fpl$ffixu         fz_ws.l(ffixu.o)
    0x0801526a   0x00000002   PAD
    0x0801526c   0x00000030   Code   RO         1135    x$fpl$fflt          fz_ws.l(fflt_clz.o)
    0x0801529c   0x00000026   Code   RO         1134    x$fpl$ffltu         fz_ws.l(fflt_clz.o)
    0x080152c2   0x00000002   PAD
    0x080152c4   0x00000102   Code   RO         1140    x$fpl$fmul          fz_ws.l(fmul.o)
    0x080153c6   0x0000008c   Code   RO         1219    x$fpl$fnaninf       fz_ws.l(fnaninf.o)
    0x08015452   0x0000000a   Code   RO         1221    x$fpl$fretinf       fz_ws.l(fretinf.o)
    0x0801545c   0x000000ea   Code   RO         1118    x$fpl$fsub          fz_ws.l(faddsub_clz.o)
    0x08015546   0x00000000   Code   RO         1223    x$fpl$usenofp       fz_ws.l(usenofp.o)
    0x08015546   0x000017c0   Data   RO          252    .constdata          lcd.o
    0x08016d06   0x0000000a   Data   RO          330    .constdata          ft5206.o
    0x08016d10   0x000000c2   Data   RO          353    .constdata          gt9147.o
    0x08016dd2   0x0000000a   Data   RO          369    .constdata          ott2001a.o
    0x08016ddc   0x0000000c   Data   RO          385    .constdata          touch.o
    0x08016de8   0x00000104   Data   RO          579    .constdata          cpu_core.o
    0x08016eec   0x00000094   Data   RO          671    .constdata          lib_str.o
    0x08016f80   0x000000a4   Data   RO          692    .constdata          os_cfg_app.o
    0x08017024   0x0000016c   Data   RO          726    .constdata          os_dbg.o
    0x08017190   0x00000028   Data   RO         1040    .constdata          c_w.l(_printf_hex_int.o)
    0x080171b8   0x00000079   Data   RO          386    .conststring        touch.o
    0x08017231   0x00000003   PAD
    0x08017234   0x00000020   Data   RO         1345    Region$$Table       anon$$obj.o


    Execution Region RW_IRAM1 (Base: 0x20000000, Size: 0x000043a0, Max: 0x0000c000, ABSOLUTE, COMPRESSED[0x00000050])

    Base Addr    Size         Type   Attr      Idx    E Section Name        Object

    0x20000000   0x00000026   Data   RW            3    .data               main.o
    0x20000026   0x00000002   PAD
    0x20000028   0x00000014   Data   RW          221    .data               system_stm32f10x.o
    0x2000003c   0x00000004   Data   RW          253    .data               lcd.o
    0x20000040   0x00000001   Data   RW          302    .data               key.o
    0x20000041   0x00000001   Data   RW          331    .data               ft5206.o
    0x20000042   0x00000001   Data   RW          354    .data               gt9147.o
    0x20000043   0x00000001   Data   RW          370    .data               ott2001a.o
    0x20000044   0x0000003c   Data   RW          387    .data               touch.o
    0x20000080   0x00000009   Data   RW          405    .data               remote.o
    0x20000089   0x00000001   PAD
    0x2000008a   0x00000004   Data   RW          423    .data               delay.o
    0x2000008e   0x00000002   PAD
    0x20000090   0x00000006   Data   RW          462    .data               usart.o
    0x20000096   0x00000014   Data   RW          537    .data               stm32f10x_rcc.o
    0x200000aa   0x00000002   PAD
    0x200000ac   0x00000004   Data   RW          580    .data               cpu_core.o
    0x200000b0   0x00000004   Data   RW          653    .data               lib_mem.o
    0x200000b4   0x00000008   Data   RW          807    .data               os_prio.o
    0x200000bc   0x000000c8   Data   RW          910    .data               os_var.o
    0x20000184   0x00000004   Data   RW          927    .data               os_cpu_c.o
    0x20000188   0x00000002   Data   RW          988    .data               logic.o
    0x2000018a   0x00000006   PAD
    0x20000190   0x00001600   Zero   RW            2    .bss                main.o
    0x20001790   0x0000000e   Zero   RW          251    .bss                lcd.o
    0x2000179e   0x000000c8   Zero   RW          461    .bss                usart.o
    0x20001866   0x00000010   Zero   RW          578    .bss                cpu_core.o
    0x20001876   0x00000002   PAD
    0x20001878   0x00000448   Zero   RW          652    .bss                lib_mem.o
    0x20001cc0   0x00001490   Zero   RW          691    .bss                os_cfg_app.o
    0x20003150   0x000006e0   Zero   RW          909    .bss                os_var.o
    0x20003830   0x0000000c   Zero   RW          972    .bss                slide.o
    0x2000383c   0x00000020   Zero   RW          987    .bss                logic.o
    0x2000385c   0x000000e4   Zero   RW         1083    .bss                c_w.l(rand.o)
    0x20003940   0x00000060   Zero   RW         1257    .bss                c_w.l(libspace.o)
    0x200039a0   0x00000200   Zero   RW          494    HEAP                startup_stm32f10x_hd.o
    0x20003ba0   0x00000800   Zero   RW          493    STACK               startup_stm32f10x_hd.o


==============================================================================

Image component sizes


      Code (inc. data)   RO Data    RW Data    ZI Data      Debug   Object Name

       378          0          0          0          0       2586   24cxx.o
       132         12          0          0          0       1111   bsp.o
        52          0          0          0          0        316   cpu_a.o
       680         14        260          4         16      14143   cpu_core.o
       608         18          0          0          0       1969   ctiic.o
       332         28          0          4          0       1729   delay.o
       820         36         10          1          0       2379   ft5206.o
       996         70        194          1          0       2766   gt9147.o
        44          0          0          0          0        535   infrared.o
       252         16          0          1          0        796   key.o
     22598        208       6080          4         14      24231   lcd.o
        80          8          0          0          0        467   led.o
       598          0          0          0          0       3668   lib_ascii.o
      2502         32          0          4       1096      21644   lib_mem.o
       544          0          0          0          0        460   lib_mem_a.o
      2348          6        148          0          0      12982   lib_str.o
      1456         16          0          2         32       5591   logic.o
      1556        162          0         38       5632     296175   main.o
       220         22          0          0          0       1769   misc.o
       600         12          0          0          0       1824   myiic.o
       252        166        164          0       5264      20794   os_cfg_app.o
      3588        294          0          0          0      11977   os_core.o
       152         32          0          0          0        372   os_cpu_a.o
       620         66          0          4          0       3641   os_cpu_c.o
       432        286        364          0          0       4673   os_dbg.o
      3624        110          0          0          0       7643   os_flag.o
      1092        146          0          0          0       2212   os_int.o
       568         20          0          0          0       2612   os_mem.o
       556         12          0          0          0       2675   os_msg.o
      2772        114          0          0          0       5334   os_mutex.o
       124          4          0          8          0       1668   os_prio.o
      2264         76          0          0          0       6016   os_q.o
      2096         70          0          0          0       6028   os_sem.o
      1592        180          0          0          0       2717   os_stat.o
      7092        270          0          0          0      13390   os_task.o
      1276         90          0          0          0       3173   os_tick.o
      1380         46          0          0          0       3109   os_time.o
      2072        140          0          0          0       6210   os_tmr.o
         0          0          0        200       1760      19305   os_var.o
       876         56         10          1          0       2535   ott2001a.o
       680         28          0          9          0       1526   remote.o
       900         38          0          0          0       1433   render.o
       264         14          0          0         12       1018   slide.o
        64         26        304          0       2560        772   startup_stm32f10x_hd.o
       860         38          0          0          0       5617   stm32f10x_gpio.o
        22          0          0          0          0        967   stm32f10x_it.o
       932         36          0         20          0       8764   stm32f10x_rcc.o
      3610         88          0          0          0      22100   stm32f10x_tim.o
      1032         22          0          0          0       8340   stm32f10x_usart.o
         0          0          0          0          0         32   sys.o
       480         38          0         20          0       1647   system_stm32f10x.o
      3236        202        133         60          0       6431   touch.o
       336         18          0          6        200       3090   usart.o

    ----------------------------------------------------------------------
     81648       3386       7702        396      16592     584962   Object Totals
         0          0         32          0          0          0   (incl. Generated)
         8          0          3          9          6          0   (incl. Padding)

    ----------------------------------------------------------------------

      Code (inc. data)   RO Data    RW Data    ZI Data      Debug   Library Member Name

        90          0          0          0          0          0   __dczerorl2.o
         8          0          0          0          0         68   __main.o
       104          0          0          0          0         84   __printf.o
         0          0          0          0          0          0   __rtentry.o
        12          0          0          0          0          0   __rtentry2.o
         6          0          0          0          0          0   __rtentry4.o
        52          8          0          0          0          0   __scatter.o
        28          0          0          0          0          0   __scatter_zi.o
        44          0          0          0          0        108   _printf_char.o
        48          6          0          0          0         96   _printf_char_common.o
        36          4          0          0          0         80   _printf_char_file.o
         6          0          0          0          0          0   _printf_d.o
       120         16          0          0          0         92   _printf_dec.o
        88          4         40          0          0         88   _printf_hex_int.o
       178          0          0          0          0         88   _printf_intcommon.o
         0          0          0          0          0          0   _printf_percent.o
         4          0          0          0          0          0   _printf_percent_end.o
         6          0          0          0          0          0   _printf_s.o
        82          0          0          0          0         80   _printf_str.o
         6          0          0          0          0          0   _printf_x.o
        22          0          0          0          0        100   _rserrno.o
        12          0          0          0          0         72   exit.o
         8          0          0          0          0         68   ferror.o
         6          0          0          0          0        152   heapauxi.o
         2          0          0          0          0          0   libinit.o
         6          0          0          0          0          0   libinit2.o
         2          0          0          0          0          0   libshutdown.o
         2          0          0          0          0          0   libshutdown2.o
         8          4          0          0         96         68   libspace.o
       238          0          0          0          0        100   lludivv7m.o
        24          4          0          0          0         84   noretval__2printf.o
       112         18          0          0        228        160   rand.o
         8          4          0          0          0         68   rt_errno_addr_intlibspace.o
         2          0          0          0          0          0   rtexit.o
        10          0          0          0          0          0   rtexit2.o
       128          0          0          0          0         68   strcmpv7m.o
        74          0          0          0          0         80   sys_stackheap_outer.o
         2          0          0          0          0         68   use_no_semi.o
         2          0          0          0          0         68   use_no_semi_2.o
       826         16          0          0          0        348   daddsub_clz.o
        24          0          0          0          0         68   dcmpi.o
        90          4          0          0          0         92   dfixu.o
        84          0          0          0          0        136   dflt_clz.o
       120          4          0          0          0         92   dleqf.o
       340         12          0          0          0        104   dmul.o
       156          4          0          0          0         92   dnaninf.o
        12          0          0          0          0         68   dretinf.o
       108          0          0          0          0         80   drleqf.o
       460         56          0          0          0        120   dsqrt_noumaal.o
        86          4          0          0          0         84   f2d.o
       430          8          0          0          0        168   faddsub_clz.o
       388         76          0          0          0         96   fdiv.o
        54          4          0          0          0         84   ffix.o
        62          4          0          0          0         84   ffixu.o
        86          0          0          0          0        136   fflt_clz.o
       258          4          0          0          0         84   fmul.o
       140          4          0          0          0         84   fnaninf.o
        10          0          0          0          0         68   fretinf.o
         0          0          0          0          0          0   usenofp.o
        76          0          0          0          0         84   sqrt.o

    ----------------------------------------------------------------------
      5414        268         40          0        324       4112   Library Totals
        18          0          0          0          0          0   (incl. Padding)

    ----------------------------------------------------------------------

      Code (inc. data)   RO Data    RW Data    ZI Data      Debug   Library Name

      1586         68         40          0        324       1940   c_w.l
      3734        200          0          0          0       2088   fz_ws.l
        76          0          0          0          0         84   m_ws.l

    ----------------------------------------------------------------------
      5414        268         40          0        324       4112   Library Totals

    ----------------------------------------------------------------------

==============================================================================


      Code (inc. data)   RO Data    RW Data    ZI Data      Debug   

     87062       3654       7742        396      16916     582518   Grand Totals
     87062       3654       7742         80      16916     582518   ELF Image Totals (compressed)
     87062       3654       7742         80          0          0   ROM Totals

==============================================================================

    Total RO  Size (Code + RO Data)                94804 (  92.58kB)
    Total RW  Size (RW Data + ZI Data)             17312 (  16.91kB)
    Total ROM Size (Code + RO Data + RW Data)      94884 (  92.66kB)

==============================================================================

