Component: ARM Compiler 5.05 update 1 (build 106) Tool: armlink [4d0efa]

==============================================================================

Section Cross References

    main.o(.text) refers to slide.o(.text) for slide
    main.o(.text) refers to cpu_a.o(.text) for CPU_SR_Save
    main.o(.text) refers to os_core.o(.text) for OS_Sched0
    main.o(.text) refers to os_time.o(.text) for OSTimeDly
    main.o(.text) refers to render.o(.text) for drawStage
    main.o(.text) refers to key.o(.text) for KEY_Scan
    main.o(.text) refers to cpu_core.o(.text) for CPU_Init
    main.o(.text) refers to os_stat.o(.text) for OSStatTaskCPUUsageInit
    main.o(.text) refers to os_task.o(.text) for OSTaskCreate
    main.o(.text) refers to delay.o(.text) for delay_init
    main.o(.text) refers to misc.o(.text) for NVIC_PriorityGroupConfig
    main.o(.text) refers to usart.o(.text) for uart_init
    main.o(.text) refers to led.o(.text) for LED_Init
    main.o(.text) refers to lcd.o(.text) for LCD_Init
    main.o(.text) refers to os_var.o(.data) for OSSchedLockNestingCtr
    main.o(.text) refers to main.o(.data) for slideDir
    main.o(.text) refers to main.o(.bss) for LED1_TASK_STK
    main.o(.text) refers to touch.o(.data) for tp_dev
    system_stm32f10x.o(.text) refers to system_stm32f10x.o(.data) for SystemCoreClock
    led.o(.text) refers to stm32f10x_rcc.o(.text) for RCC_APB2PeriphClockCmd
    led.o(.text) refers to stm32f10x_gpio.o(.text) for GPIO_Init
    lcd.o(.text) refers to _printf_percent.o(.ARM.Collect$$_printf_percent$$00000000) for _printf_percent
    lcd.o(.text) refers to _printf_x.o(.ARM.Collect$$_printf_percent$$0000000C) for _printf_x
    lcd.o(.text) refers to _printf_hex_int.o(.text) for _printf_longlong_hex
    lcd.o(.text) refers to delay.o(.text) for delay_us
    lcd.o(.text) refers to lcd.o(.bss) for lcddev
    lcd.o(.text) refers to dflt_clz.o(x$fpl$dfltu) for __aeabi_ui2d
    lcd.o(.text) refers to dmul.o(x$fpl$dmul) for __aeabi_dmul
    lcd.o(.text) refers to dfixu.o(x$fpl$dfixu) for __aeabi_d2uiz
    lcd.o(.text) refers to lcd.o(.data) for POINT_COLOR
    lcd.o(.text) refers to stm32f10x_rcc.o(.text) for RCC_APB2PeriphClockCmd
    lcd.o(.text) refers to stm32f10x_gpio.o(.text) for GPIO_PinRemapConfig
    lcd.o(.text) refers to noretval__2printf.o(.text) for __2printf
    lcd.o(.text) refers to lcd.o(.constdata) for asc2_1206
    24cxx.o(.text) refers to myiic.o(.text) for IIC_Init
    24cxx.o(.text) refers to delay.o(.text) for delay_ms
    myiic.o(.text) refers to stm32f10x_rcc.o(.text) for RCC_APB2PeriphClockCmd
    myiic.o(.text) refers to stm32f10x_gpio.o(.text) for GPIO_Init
    myiic.o(.text) refers to delay.o(.text) for delay_us
    key.o(.text) refers to stm32f10x_rcc.o(.text) for RCC_APB2PeriphClockCmd
    key.o(.text) refers to stm32f10x_gpio.o(.text) for GPIO_PinRemapConfig
    key.o(.text) refers to delay.o(.text) for delay_ms
    key.o(.text) refers to key.o(.data) for key_up
    ctiic.o(.text) refers to delay.o(.text) for delay_us
    ft5206.o(.text) refers to _printf_percent.o(.ARM.Collect$$_printf_percent$$00000000) for _printf_percent
    ft5206.o(.text) refers to _printf_x.o(.ARM.Collect$$_printf_percent$$0000000C) for _printf_x
    ft5206.o(.text) refers to _printf_hex_int.o(.text) for _printf_longlong_hex
    ft5206.o(.text) refers to ctiic.o(.text) for CT_IIC_Start
    ft5206.o(.text) refers to stm32f10x_rcc.o(.text) for RCC_APB2PeriphClockCmd
    ft5206.o(.text) refers to stm32f10x_gpio.o(.text) for GPIO_Init
    ft5206.o(.text) refers to delay.o(.text) for delay_ms
    ft5206.o(.text) refers to noretval__2printf.o(.text) for __2printf
    ft5206.o(.text) refers to ft5206.o(.data) for t
    ft5206.o(.text) refers to touch.o(.data) for tp_dev
    ft5206.o(.text) refers to ft5206.o(.constdata) for FT5206_TPX_TBL
    gt9147.o(.text) refers to _printf_percent.o(.ARM.Collect$$_printf_percent$$00000000) for _printf_percent
    gt9147.o(.text) refers to _printf_s.o(.ARM.Collect$$_printf_percent$$00000014) for _printf_s
    gt9147.o(.text) refers to _printf_str.o(.text) for _printf_str
    gt9147.o(.text) refers to _printf_d.o(.ARM.Collect$$_printf_percent$$00000009) for _printf_d
    gt9147.o(.text) refers to _printf_dec.o(.text) for _printf_int_dec
    gt9147.o(.text) refers to ctiic.o(.text) for CT_IIC_Start
    gt9147.o(.text) refers to stm32f10x_rcc.o(.text) for RCC_APB2PeriphClockCmd
    gt9147.o(.text) refers to stm32f10x_gpio.o(.text) for GPIO_Init
    gt9147.o(.text) refers to delay.o(.text) for delay_ms
    gt9147.o(.text) refers to noretval__2printf.o(.text) for __2printf
    gt9147.o(.text) refers to strcmpv7m.o(.text) for strcmp
    gt9147.o(.text) refers to gt9147.o(.constdata) for GT9147_CFG_TBL
    gt9147.o(.text) refers to gt9147.o(.data) for t
    gt9147.o(.text) refers to touch.o(.data) for tp_dev
[...]
    RCC_ClockSecuritySystemCmd               0x08009141   Thumb Code     6  stm32f10x_rcc.o(.text)
    RCC_MCOConfig                            0x08009147   Thumb Code     6  stm32f10x_rcc.o(.text)
    RCC_ClearFlag                            0x0800914d   Thumb Code    14  stm32f10x_rcc.o(.text)
    RCC_GetITStatus                          0x0800915b   Thumb Code    20  stm32f10x_rcc.o(.text)
    RCC_ClearITPendingBit                    0x0800916f   Thumb Code     6  stm32f10x_rcc.o(.text)
    TIM_DeInit                               0x08009199   Thumb Code   424  stm32f10x_tim.o(.text)
    TIM_TimeBaseInit                         0x08009341   Thumb Code   122  stm32f10x_tim.o(.text)
    TIM_OC1Init                              0x080093bb   Thumb Code   132  stm32f10x_tim.o(.text)
    TIM_OC2Init                              0x0800943f   Thumb Code   154  stm32f10x_tim.o(.text)
    TIM_OC3Init                              0x080094d9   Thumb Code   150  stm32f10x_tim.o(.text)
    TIM_OC4Init                              0x0800956f   Thumb Code   182  stm32f10x_tim.o(.text)
    TIM_SetIC4Prescaler                      0x08009625   Thumb Code    26  stm32f10x_tim.o(.text)
    TIM_SetIC3Prescaler                      0x080096c1   Thumb Code    18  stm32f10x_tim.o(.text)
    TIM_SetIC2Prescaler                      0x0800974d   Thumb Code    26  stm32f10x_tim.o(.text)
    TIM_SetIC1Prescaler                      0x080097e9   Thumb Code    18  stm32f10x_tim.o(.text)
    TIM_ICInit                               0x08009867   Thumb Code   150  stm32f10x_tim.o(.text)
    TIM_PWMIConfig                           0x080098fd   Thumb Code   124  stm32f10x_tim.o(.text)
    TIM_BDTRConfig                           0x08009979   Thumb Code    32  stm32f10x_tim.o(.text)
    TIM_TimeBaseStructInit                   0x08009999   Thumb Code    18  stm32f10x_tim.o(.text)
    TIM_OCStructInit                         0x080099ab   Thumb Code    20  stm32f10x_tim.o(.text)
    TIM_ICStructInit                         0x080099bf   Thumb Code    18  stm32f10x_tim.o(.text)
    TIM_BDTRStructInit                       0x080099d1   Thumb Code    40  stm32f10x_tim.o(.text)
    TIM_Cmd                                  0x080099f9   Thumb Code    24  stm32f10x_tim.o(.text)
    TIM_CtrlPWMOutputs                       0x08009a11   Thumb Code    30  stm32f10x_tim.o(.text)
    TIM_ITConfig                             0x08009a2f   Thumb Code    18  stm32f10x_tim.o(.text)
    TIM_GenerateEvent                        0x08009a41   Thumb Code     4  stm32f10x_tim.o(.text)
    TIM_DMAConfig                            0x08009a45   Thumb Code    10  stm32f10x_tim.o(.text)
    TIM_DMACmd                               0x08009a4f   Thumb Code    18  stm32f10x_tim.o(.text)
    TIM_InternalClockConfig                  0x08009a61   Thumb Code    12  stm32f10x_tim.o(.text)
    TIM_SelectInputTrigger                   0x08009a6d   Thumb Code    18  stm32f10x_tim.o(.text)
    TIM_ITRxExternalClockConfig              0x08009a7f   Thumb Code    24  stm32f10x_tim.o(.text)
    TIM_TIxExternalClockConfig               0x08009a97   Thumb Code    62  stm32f10x_tim.o(.text)
    TIM_ETRConfig                            0x08009ad5   Thumb Code    28  stm32f10x_tim.o(.text)
    TIM_ETRClockMode1Config                  0x08009af1   Thumb Code    54  stm32f10x_tim.o(.text)
    TIM_ETRClockMode2Config                  0x08009b27   Thumb Code    32  stm32f10x_tim.o(.text)
    TIM_PrescalerConfig                      0x08009b47   Thumb Code     6  stm32f10x_tim.o(.text)
    TIM_CounterModeConfig                    0x08009b4d   Thumb Code    18  stm32f10x_tim.o(.text)
    TIM_EncoderInterfaceConfig               0x08009b5f   Thumb Code    66  stm32f10x_tim.o(.text)
    TIM_ForcedOC1Config                      0x08009ba1   Thumb Code    18  stm32f10x_tim.o(.text)
    TIM_ForcedOC2Config                      0x08009bb3   Thumb Code    26  stm32f10x_tim.o(.text)
    TIM_ForcedOC3Config                      0x08009bcd   Thumb Code    18  stm32f10x_tim.o(.text)
    TIM_ForcedOC4Config                      0x08009bdf   Thumb Code    26  stm32f10x_tim.o(.text)
    TIM_ARRPreloadConfig                     0x08009bf9   Thumb Code    24  stm32f10x_tim.o(.text)
    TIM_SelectCOM                            0x08009c11   Thumb Code    24  stm32f10x_tim.o(.text)
    TIM_SelectCCDMA                          0x08009c29   Thumb Code    24  stm32f10x_tim.o(.text)
    TIM_CCPreloadControl                     0x08009c41   Thumb Code    24  stm32f10x_tim.o(.text)
    TIM_OC1PreloadConfig                     0x08009c59   Thumb Code    18  stm32f10x_tim.o(.text)
    TIM_OC2PreloadConfig                     0x08009c6b   Thumb Code    26  stm32f10x_tim.o(.text)
    TIM_OC3PreloadConfig                     0x08009c85   Thumb Code    18  stm32f10x_tim.o(.text)
    TIM_OC4PreloadConfig                     0x08009c97   Thumb Code    26  stm32f10x_tim.o(.text)
    TIM_OC1FastConfig                        0x08009cb1   Thumb Code    18  stm32f10x_tim.o(.text)
    TIM_OC2FastConfig                        0x08009cc3   Thumb Code    26  stm32f10x_tim.o(.text)
    TIM_OC3FastConfig                        0x08009cdd   Thumb Code    18  stm32f10x_tim.o(.text)
    TIM_OC4FastConfig                        0x08009cef   Thumb Code    26  stm32f10x_tim.o(.text)
    TIM_ClearOC1Ref                          0x08009d09   Thumb Code    18  stm32f10x_tim.o(.text)
    TIM_ClearOC2Ref                          0x08009d1b   Thumb Code    24  stm32f10x_tim.o(.text)
    TIM_ClearOC3Ref                          0x08009d33   Thumb Code    18  stm32f10x_tim.o(.text)
    TIM_ClearOC4Ref                          0x08009d45   Thumb Code    24  stm32f10x_tim.o(.text)
    TIM_OC1PolarityConfig                    0x08009d5d   Thumb Code    18  stm32f10x_tim.o(.text)
    TIM_OC1NPolarityConfig                   0x08009d6f   Thumb Code    18  stm32f10x_tim.o(.text)
    TIM_OC2PolarityConfig                    0x08009d81   Thumb Code    26  stm32f10x_tim.o(.text)
    TIM_OC2NPolarityConfig                   0x08009d9b   Thumb Code    26  stm32f10x_tim.o(.text)
    TIM_OC3PolarityConfig                    0x08009db5   Thumb Code    26  stm32f10x_tim.o(.text)
    TIM_OC3NPolarityConfig                   0x08009dcf   Thumb Code    26  stm32f10x_tim.o(.text)
    TIM_OC4PolarityConfig                    0x08009de9   Thumb Code    26  stm32f10x_tim.o(.text)
    TIM_CCxCmd                               0x08009e03   Thumb Code    30  stm32f10x_tim.o(.text)
    TIM_CCxNCmd                              0x08009e21   Thumb Code    30  stm32f10x_tim.o(.text)
    TIM_SelectOCxM                           0x08009e3f   Thumb Code    82  stm32f10x_tim.o(.text)
    TIM_UpdateDisableConfig                  0x08009e91   Thumb Code    24  stm32f10x_tim.o(.text)
    TIM_UpdateRequestConfig                  0x08009ea9   Thumb Code    24  stm32f10x_tim.o(.text)
    TIM_SelectHallSensor                     0x08009ec1   Thumb Code    24  stm32f10x_tim.o(.text)
    TIM_SelectOnePulseMode                   0x08009ed9   Thumb Code    18  stm32f10x_tim.o(.text)
    TIM_SelectOutputTrigger                  0x08009eeb   Thumb Code    18  stm32f10x_tim.o(.text)
    TIM_SelectSlaveMode                      0x08009efd   Thumb Code    18  stm32f10x_tim.o(.text)
    TIM_SelectMasterSlaveMode                0x08009f0f   Thumb Code    18  stm32f10x_tim.o(.text)
    TIM_SetCounter                           0x08009f21   Thumb Code     4  stm32f10x_tim.o(.text)
    TIM_SetAutoreload                        0x08009f25   Thumb Code     4  stm32f10x_tim.o(.text)
    TIM_SetCompare1                          0x08009f29   Thumb Code     4  stm32f10x_tim.o(.text)
    TIM_SetCompare2                          0x08009f2d   Thumb Code     4  stm32f10x_tim.o(.text)
    TIM_SetCompare3                          0x08009f31   Thumb Code     4  stm32f10x_tim.o(.text)
    TIM_SetCompare4                          0x08009f35   Thumb Code     6  stm32f10x_tim.o(.text)
    TIM_SetClockDivision                     0x08009f3b   Thumb Code    18  stm32f10x_tim.o(.text)
    TIM_GetCapture1                          0x08009f4d   Thumb Code     6  stm32f10x_tim.o(.text)
    TIM_GetCapture2                          0x08009f53   Thumb Code     6  stm32f10x_tim.o(.text)
    TIM_GetCapture3                          0x08009f59   Thumb Code     6  stm32f10x_tim.o(.text)
    TIM_GetCapture4                          0x08009f5f   Thumb Code     8  stm32f10x_tim.o(.text)
    TIM_GetCounter                           0x08009f67   Thumb Code     6  stm32f10x_tim.o(.text)
    TIM_GetPrescaler                         0x08009f6d   Thumb Code     6  stm32f10x_tim.o(.text)
    TIM_GetFlagStatus                        0x08009f73   Thumb Code    18  stm32f10x_tim.o(.text)
    TIM_ClearFlag                            0x08009f85   Thumb Code     6  stm32f10x_tim.o(.text)
    TIM_GetITStatus                          0x08009f8b   Thumb Code    34  stm32f10x_tim.o(.text)
    TIM_ClearITPendingBit                    0x08009fad   Thumb Code     6  stm32f10x_tim.o(.text)
    BSP_CPU_ClkFreq                          0x08009fb5   Thumb Code    16  bsp.o(.text)
    CPU_TS_TmrInit                           0x08009fc5   Thumb Code    44  bsp.o(.text)
    CPU_TS_TmrRd                             0x08009ff1   Thumb Code     6  bsp.o(.text)
    CPU_TS32_to_uSec                         0x08009ff7   Thumb Code    54  bsp.o(.text)
    CPU_NameClr                              0x0800a039   Thumb Code    42  cpu_core.o(.text)
    CPU_Init                                 0x0800a079   Thumb Code    12  cpu_core.o(.text)
    CPU_SW_Exception                         0x0800a085   Thumb Code     4  cpu_core.o(.text)
    CPU_NameGet                              0x0800a089   Thumb Code    70  cpu_core.o(.text)
    CPU_NameSet                              0x0800a0cf   Thumb Code    96  cpu_core.o(.text)
    CPU_TS_Get32                             0x0800a12f   Thumb Code    12  cpu_core.o(.text)
    CPU_TS_Update                            0x0800a13b   Thumb Code     2  cpu_core.o(.text)
    CPU_TS_TmrFreqGet                        0x0800a13d   Thumb Code    30  cpu_core.o(.text)
    CPU_TS_TmrFreqSet                        0x0800a15b   Thumb Code     6  cpu_core.o(.text)
    CPU_CntLeadZeros08                       0x0800a161   Thumb Code    18  cpu_core.o(.text)
    CPU_CntLeadZeros16                       0x0800a173   Thumb Code    18  cpu_core.o(.text)
    CPU_CntLeadZeros32                       0x0800a185   Thumb Code    18  cpu_core.o(.text)
    CPU_CntLeadZeros64                       0x0800a197   Thumb Code   188  cpu_core.o(.text)
    CPU_CntTrailZeros08                      0x0800a253   Thumb Code    22  cpu_core.o(.text)
    CPU_CntTrailZeros16                      0x0800a269   Thumb Code    22  cpu_core.o(.text)
    CPU_CntTrailZeros32                      0x0800a27f   Thumb Code    22  cpu_core.o(.text)
    CPU_CntTrailZeros64                      0x0800a295   Thumb Code    62  cpu_core.o(.text)
    CPU_IntDis                               0x0800a2e1   Thumb Code     0  cpu_a.o(.text)
    CPU_IntEn                                0x0800a2e5   Thumb Code     0  cpu_a.o(.text)
    CPU_SR_Save                              0x0800a2e9   Thumb Code     0  cpu_a.o(.text)
    CPU_SR_Restore                           0x0800a2f1   Thumb Code     0  cpu_a.o(.text)
    CPU_WaitForInt                           0x0800a2f7   Thumb Code     0  cpu_a.o(.text)
    CPU_WaitForExcept                        0x0800a2fb   Thumb Code     0  cpu_a.o(.text)
    CPU_CntLeadZeros                         0x0800a2ff   Thumb Code     0  cpu_a.o(.text)
    CPU_CntTrailZeros                        0x0800a305   Thumb Code     0  cpu_a.o(.text)
    CPU_RevBits                              0x0800a30f   Thumb Code     0  cpu_a.o(.text)
    ASCII_IsAlpha                            0x0800a315   Thumb Code    48  lib_ascii.o(.text)
    ASCII_IsAlphaNum                         0x0800a345   Thumb Code    76  lib_ascii.o(.text)
    ASCII_IsLower                            0x0800a391   Thumb Code    20  lib_ascii.o(.text)
    ASCII_IsUpper                            0x0800a3a5   Thumb Code    20  lib_ascii.o(.text)
    ASCII_IsDig                              0x0800a3b9   Thumb Code    20  lib_ascii.o(.text)
    ASCII_IsDigOct                           0x0800a3cd   Thumb Code    20  lib_ascii.o(.text)
    ASCII_IsDigHex                           0x0800a3e1   Thumb Code    36  lib_ascii.o(.text)
    ASCII_IsBlank                            0x0800a405   Thumb Code    20  lib_ascii.o(.text)
    ASCII_IsSpace                            0x0800a419   Thumb Code    36  lib_ascii.o(.text)
    ASCII_IsPrint                            0x0800a43d   Thumb Code    20  lib_ascii.o(.text)
    ASCII_IsGraph                            0x0800a451   Thumb Code    20  lib_ascii.o(.text)
    ASCII_IsPunct                            0x0800a465   Thumb Code   134  lib_ascii.o(.text)
    ASCII_IsCtrl                             0x0800a4eb   Thumb Code    26  lib_ascii.o(.text)
    ASCII_ToLower                            0x0800a505   Thumb Code    32  lib_ascii.o(.text)
    ASCII_ToUpper                            0x0800a525   Thumb Code    32  lib_ascii.o(.text)
    ASCII_Cmp                                0x0800a545   Thumb Code    38  lib_ascii.o(.text)
    Mem_Init                                 0x0800a56d   Thumb Code    54  lib_mem.o(.text)
    Mem_Set                                  0x0800a5a3   Thumb Code    84  lib_mem.o(.text)
    Mem_Clr                                  0x0800a5f7   Thumb Code    18  lib_mem.o(.text)
    Mem_Move                                 0x0800a609   Thumb Code   186  lib_mem.o(.text)
    Mem_Cmp                                  0x0800a6c3   Thumb Code   192  lib_mem.o(.text)
    Mem_HeapAlloc                            0x0800a7fb   Thumb Code   168  lib_mem.o(.text)
    Mem_SegGetSizeRem                        0x0800a8a3   Thumb Code   108  lib_mem.o(.text)
    Mem_HeapGetSizeRem                       0x0800a90f   Thumb Code    22  lib_mem.o(.text)
    Mem_PoolClr                              0x0800a925   Thumb Code    80  lib_mem.o(.text)
    Mem_PoolCreate                           0x0800a975   Thumb Code   838  lib_mem.o(.text)
    Mem_PoolBlkGetNbrAvail                   0x0800acbb   Thumb Code    52  lib_mem.o(.text)
    Mem_PoolBlkGet                           0x0800acef   Thumb Code   126  lib_mem.o(.text)
    Mem_PoolBlkGetUsedAtIx                   0x0800ad6d   Thumb Code   140  lib_mem.o(.text)
    Mem_PoolBlkFree                          0x0800adf9   Thumb Code   152  lib_mem.o(.text)
    Mem_PoolBlkIxGet                         0x0800ae91   Thumb Code   162  lib_mem.o(.text)
    Str_Len_N                                0x0800af35   Thumb Code    28  lib_str.o(.text)
    Str_Len                                  0x0800af51   Thumb Code    20  lib_str.o(.text)
    Str_Copy_N                               0x0800af65   Thumb Code    70  lib_str.o(.text)
    Str_Copy                                 0x0800afab   Thumb Code    24  lib_str.o(.text)
    Str_Cat_N                                0x0800afc3   Thumb Code    90  lib_str.o(.text)
    Str_Cat                                  0x0800b01d   Thumb Code    24  lib_str.o(.text)
    Str_Cmp_N                                0x0800b035   Thumb Code   156  lib_str.o(.text)
    Str_Cmp                                  0x0800b0d1   Thumb Code    24  lib_str.o(.text)
    Str_CmpIgnoreCase_N                      0x0800b0e9   Thumb Code   264  lib_str.o(.text)
    Str_CmpIgnoreCase                        0x0800b1f1   Thumb Code    24  lib_str.o(.text)
    Str_Char_N                               0x0800b209   Thumb Code    74  lib_str.o(.text)
    Str_Char                                 0x0800b253   Thumb Code    24  lib_str.o(.text)
    Str_Char_Last_N                          0x0800b26b   Thumb Code    76  lib_str.o(.text)
    Str_Char_Last                            0x0800b2b7   Thumb Code    24  lib_str.o(.text)
    Str_Char_Replace_N                       0x0800b2cf   Thumb Code    52  lib_str.o(.text)
    Str_Char_Replace                         0x0800b303   Thumb Code    28  lib_str.o(.text)
    Str_Str_N                                0x0800b31f   Thumb Code   182  lib_str.o(.text)
    Str_Str                                  0x0800b3d5   Thumb Code    24  lib_str.o(.text)
    Str_FmtNbr_Int32U                        0x0800b5c9   Thumb Code    46  lib_str.o(.text)
    Str_FmtNbr_Int32S                        0x0800b5f7   Thumb Code    62  lib_str.o(.text)
    Str_ParseNbr_Int32U                      0x0800b7f3   Thumb Code    30  lib_str.o(.text)
    Str_ParseNbr_Int32S                      0x0800b811   Thumb Code    74  lib_str.o(.text)
    Mem_Copy                                 0x0800b861   Thumb Code     0  lib_mem_a.o(.text)
    OSCfg_Init                               0x0800ba81   Thumb Code    86  os_cfg_app.o(.text)
    OS_IdleTask                              0x0800bb7d   Thumb Code    60  os_core.o(.text)
    OS_IdleTaskInit                          0x0800bbb9   Thumb Code    68  os_core.o(.text)
    OS_RdyListInit                           0x0800bbfd   Thumb Code    32  os_core.o(.text)
    OSInit                                   0x0800bc1d   Thumb Code   300  os_core.o(.text)
    OSIntEnter                               0x0800bd49   Thumb Code    34  os_core.o(.text)
    OSIntExit                                0x0800bd6b   Thumb Code   192  os_core.o(.text)
    OSSched                                  0x0800be2b   Thumb Code   134  os_core.o(.text)
    OS_SchedLockTimeMeasStart                0x0800beb1   Thumb Code    20  os_core.o(.text)
    OSSchedLock                              0x0800bec5   Thumb Code   104  os_core.o(.text)
    OS_SchedLockTimeMeasStop                 0x0800bf2d   Thumb Code    44  os_core.o(.text)
    OSSchedUnlock                            0x0800bf59   Thumb Code   290  os_core.o(.text)
    OSSchedRoundRobinCfg                     0x0800c07b   Thumb Code    88  os_core.o(.text)
    OS_RdyListMoveHeadToTail                 0x0800c0d3   Thumb Code    68  os_core.o(.text)
    OSSchedRoundRobinYield                   0x0800c117   Thumb Code   164  os_core.o(.text)
    OSStart                                  0x0800c1bb   Thumb Code    78  os_core.o(.text)
    OSVersion                                0x0800c209   Thumb Code    12  os_core.o(.text)
    OS_PendDbgNameAdd                        0x0800c215   Thumb Code    66  os_core.o(.text)
    OS_PendListInsertPrio                    0x0800c257   Thumb Code   102  os_core.o(.text)
    OS_PendDataInit                          0x0800c2bd   Thumb Code    38  os_core.o(.text)
    OS_RdyListRemove                         0x0800c2e3   Thumb Code    86  os_core.o(.text)
    OS_TaskBlock                             0x0800c339   Thumb Code    56  os_core.o(.text)
    OS_Pend                                  0x0800c371   Thumb Code    98  os_core.o(.text)
    OS_PendListRemove1                       0x0800c3d3   Thumb Code   134  os_core.o(.text)
    OS_PendListRemove                        0x0800c459   Thumb Code    48  os_core.o(.text)
    OS_PendAbort1                            0x0800c489   Thumb Code    36  os_core.o(.text)
    OS_RdyListInsertHead                     0x0800c4ad   Thumb Code    58  os_core.o(.text)
    OS_RdyListInsertTail                     0x0800c4e7   Thumb Code    56  os_core.o(.text)
    OS_RdyListInsert                         0x0800c51f   Thumb Code    40  os_core.o(.text)
    OS_TaskRdy                               0x0800c547   Thumb Code    28  os_core.o(.text)
    OS_PendAbort                             0x0800c563   Thumb Code   166  os_core.o(.text)
    OS_PendDbgNameRemove                     0x0800c609   Thumb Code    34  os_core.o(.text)
    OS_PendListChangePrio                    0x0800c62b   Thumb Code    70  os_core.o(.text)
    OS_PendListInit                          0x0800c671   Thumb Code    10  os_core.o(.text)
    OS_PendListInsertHead                    0x0800c67b   Thumb Code    32  os_core.o(.text)
    OS_PendObjDel1                           0x0800c69b   Thumb Code    36  os_core.o(.text)
    OS_PendObjDel                            0x0800c6bf   Thumb Code   162  os_core.o(.text)
    OS_Post1                                 0x0800c761   Thumb Code    42  os_core.o(.text)
    OS_Post                                  0x0800c78b   Thumb Code   192  os_core.o(.text)
    OS_Sched0                                0x0800c84b   Thumb Code   102  os_core.o(.text)
    OS_SchedRoundRobin                       0x0800c8b1   Thumb Code   190  os_core.o(.text)
    OS_Dbg_Init                              0x0800c981   Thumb Code   146  os_dbg.o(.text)
    OS_FlagDbgListAdd                        0x0800cb31   Thumb Code    38  os_flag.o(.text)
    OSFlagCreate                             0x0800cb57   Thumb Code   172  os_flag.o(.text)
    OS_FlagClr                               0x0800cc03   Thumb Code    28  os_flag.o(.text)
    OS_FlagDbgListRemove                     0x0800cc1f   Thumb Code    44  os_flag.o(.text)
    OSFlagDel                                0x0800cc4b   Thumb Code   594  os_flag.o(.text)
    OS_FlagBlock                             0x0800ce9d   Thumb Code    58  os_flag.o(.text)
    OSFlagPend                               0x0800ced7   Thumb Code  1488  os_flag.o(.text)
    OSFlagPendAbort                          0x0800d4a7   Thumb Code   292  os_flag.o(.text)
    OSFlagPendGetFlagsRdy                    0x0800d5cb   Thumb Code    68  os_flag.o(.text)
    OS_FlagTaskRdy                           0x0800d60f   Thumb Code    86  os_flag.o(.text)
    OS_FlagPost                              0x0800d665   Thumb Code   570  os_flag.o(.text)
    OSFlagPost                               0x0800d89f   Thumb Code   146  os_flag.o(.text)
    OS_FlagInit                              0x0800d931   Thumb Code    14  os_flag.o(.text)
    OS_IntQPost                              0x0800d959   Thumb Code   216  os_int.o(.text)
    OS_IntQRePost                            0x0800da31   Thumb Code   360  os_int.o(.text)
    OS_IntQTask                              0x0800db99   Thumb Code   162  os_int.o(.text)
    OS_IntQTaskInit                          0x0800dc3b   Thumb Code   208  os_int.o(.text)
    OS_MemDbgListAdd                         0x0800dd9d   Thumb Code    34  os_mem.o(.text)
    OSMemCreate                              0x0800ddbf   Thumb Code   288  os_mem.o(.text)
    OSMemGet                                 0x0800dedf   Thumb Code   100  os_mem.o(.text)
    OSMemPut                                 0x0800df43   Thumb Code   112  os_mem.o(.text)
    OS_MemInit                               0x0800dfb3   Thumb Code    14  os_mem.o(.text)
    OS_MsgPoolCreate                         0x0800dfd5   Thumb Code    54  os_msg.o(.text)
    OS_MsgPoolInit                           0x0800e00b   Thumb Code    70  os_msg.o(.text)
    OS_MsgQFreeAll                           0x0800e051   Thumb Code    62  os_msg.o(.text)
    OS_MsgQInit                              0x0800e08f   Thumb Code    14  os_msg.o(.text)
    OS_MsgQGet                               0x0800e09d   Thumb Code    98  os_msg.o(.text)
    OS_MsgQPut                               0x0800e0ff   Thumb Code   246  os_msg.o(.text)
    OS_MutexDbgListAdd                       0x0800e201   Thumb Code    38  os_mutex.o(.text)
    OSMutexCreate                            0x0800e227   Thumb Code   178  os_mutex.o(.text)
    OS_MutexClr                              0x0800e2d9   Thumb Code    38  os_mutex.o(.text)
    OS_MutexDbgListRemove                    0x0800e2ff   Thumb Code    44  os_mutex.o(.text)
    OSMutexDel                               0x0800e32b   Thumb Code   842  os_mutex.o(.text)
    OSMutexPend                              0x0800e675   Thumb Code   706  os_mutex.o(.text)
    OSMutexPendAbort                         0x0800e937   Thumb Code   314  os_mutex.o(.text)
    OSMutexPost                              0x0800ea71   Thumb Code   564  os_mutex.o(.text)
    OS_MutexInit                             0x0800eca5   Thumb Code    14  os_mutex.o(.text)
    OS_PrioInit                              0x0800ecd5   Thumb Code    20  os_prio.o(.text)
    OS_PrioGetHighest                        0x0800ece9   Thumb Code    36  os_prio.o(.text)
    OS_PrioInsert                            0x0800ed0d   Thumb Code    32  os_prio.o(.text)
    OS_PrioRemove                            0x0800ed2d   Thumb Code    32  os_prio.o(.text)
    OS_QDbgListAdd                           0x0800ed51   Thumb Code    38  os_q.o(.text)
    OSQCreate                                0x0800ed77   Thumb Code   186  os_q.o(.text)
    OS_QClr                                  0x0800ee31   Thumb Code    40  os_q.o(.text)
    OS_QDbgListRemove                        0x0800ee59   Thumb Code    44  os_q.o(.text)
    OSQDel                                   0x0800ee85   Thumb Code   362  os_q.o(.text)
    OSQFlush                                 0x0800efef   Thumb Code   210  os_q.o(.text)
    OSQPend                                  0x0800f0c1   Thumb Code   538  os_q.o(.text)
    OSQPendAbort                             0x0800f2db   Thumb Code   292  os_q.o(.text)
    OS_QPost                                 0x0800f3ff   Thumb Code   324  os_q.o(.text)
    OSQPost                                  0x0800f543   Thumb Code   198  os_q.o(.text)
    OS_QInit                                 0x0800f609   Thumb Code    14  os_q.o(.text)
    OS_SemDbgListAdd                         0x0800f629   Thumb Code    38  os_sem.o(.text)
    OSSemCreate                              0x0800f64f   Thumb Code   172  os_sem.o(.text)
    OS_SemClr                                0x0800f6fb   Thumb Code    28  os_sem.o(.text)
    OS_SemDbgListRemove                      0x0800f717   Thumb Code    44  os_sem.o(.text)
    OSSemDel                                 0x0800f743   Thumb Code   362  os_sem.o(.text)
    OSSemPend                                0x0800f8ad   Thumb Code   504  os_sem.o(.text)
    OSSemPendAbort                           0x0800faa5   Thumb Code   292  os_sem.o(.text)
    OS_SemPost                               0x0800fbc9   Thumb Code   350  os_sem.o(.text)
    OSSemPost                                0x0800fd27   Thumb Code   144  os_sem.o(.text)
    OSSemSet                                 0x0800fdb7   Thumb Code   138  os_sem.o(.text)
    OS_SemInit                               0x0800fe41   Thumb Code    14  os_sem.o(.text)
    OSStatReset                              0x0800fe59   Thumb Code   270  os_stat.o(.text)
    OSStatTaskCPUUsageInit                   0x0800ff67   Thumb Code   212  os_stat.o(.text)
    OS_StatTask                              0x0801003b   Thumb Code   888  os_stat.o(.text)
    OS_StatTaskInit                          0x080103b3   Thumb Code   138  os_stat.o(.text)
    OSTaskChangePrio                         0x08010491   Thumb Code   416  os_task.o(.text)
    OS_TaskDbgListAdd                        0x08010631   Thumb Code    42  os_task.o(.text)
    OS_TaskInitTCB                           0x0801065b   Thumb Code   186  os_task.o(.text)
    OSTaskCreate                             0x08010715   Thumb Code   616  os_task.o(.text)
    OS_TaskDbgListRemove                     0x0801097d   Thumb Code    64  os_task.o(.text)
    OSTaskDel                                0x080109bd   Thumb Code   424  os_task.o(.text)
    OSTaskQFlush                             0x08010b65   Thumb Code   214  os_task.o(.text)
    OSTaskQPend                              0x08010c3b   Thumb Code   554  os_task.o(.text)
    OSTaskQPendAbort                         0x08010e65   Thumb Code   242  os_task.o(.text)
    OS_TaskQPost                             0x08010f57   Thumb Code   526  os_task.o(.text)
    OSTaskQPost                              0x08011165   Thumb Code   114  os_task.o(.text)
    OSTaskRegGet                             0x080111d7   Thumb Code    78  os_task.o(.text)
    OSTaskRegGetID                           0x08011225   Thumb Code    84  os_task.o(.text)
    OSTaskRegSet                             0x08011279   Thumb Code    78  os_task.o(.text)
    OS_TaskResume                            0x080112c7   Thumb Code   314  os_task.o(.text)
    OSTaskResume                             0x08011401   Thumb Code   112  os_task.o(.text)
    OSTaskSemPend                            0x08011471   Thumb Code   550  os_task.o(.text)
    OSTaskSemPendAbort                       0x08011697   Thumb Code   270  os_task.o(.text)
    OS_TaskSemPost                           0x080117a5   Thumb Code  1224  os_task.o(.text)
    OSTaskSemPost                            0x08011c6d   Thumb Code    98  os_task.o(.text)
    OSTaskSemSet                             0x08011ccf   Thumb Code    80  os_task.o(.text)
    OSTaskStkChk                             0x08011d1f   Thumb Code   224  os_task.o(.text)
    OS_TaskSuspend                           0x08011dff   Thumb Code   328  os_task.o(.text)
    OSTaskSuspend                            0x08011f47   Thumb Code    78  os_task.o(.text)
    OSTaskTimeQuantaSet                      0x08011f95   Thumb Code    96  os_task.o(.text)
    OS_TaskInit                              0x08011ff5   Thumb Code    18  os_task.o(.text)
    OS_TaskReturn                            0x08012007   Thumb Code    20  os_task.o(.text)
    OS_TickListRemove                        0x08012045   Thumb Code    56  os_tick.o(.text)
    OS_TickListUpdate                        0x0801207d   Thumb Code   480  os_tick.o(.text)
    OS_TickTask                              0x0801225d   Thumb Code    38  os_tick.o(.text)
    OS_TickListInit                          0x08012283   Thumb Code    32  os_tick.o(.text)
    OS_TickTaskInit                          0x080122a3   Thumb Code   130  os_tick.o(.text)
    OS_TickListInsert                        0x08012325   Thumb Code   502  os_tick.o(.text)
    OS_TickListResetPeak                     0x0801251b   Thumb Code    28  os_tick.o(.text)
    OSTimeDly                                0x08012541   Thumb Code   266  os_time.o(.text)
    OSTimeDlyHMSM                            0x0801264b   Thumb Code   480  os_time.o(.text)
    OSTimeDlyResume                          0x0801282b   Thumb Code   466  os_time.o(.text)
    OSTimeGet                                0x080129fd   Thumb Code    46  os_time.o(.text)
    OSTimeSet                                0x08012a2b   Thumb Code    46  os_time.o(.text)
    OSTimeTick                               0x08012a59   Thumb Code    54  os_time.o(.text)
    OS_TmrDbgListAdd                         0x08012aa5   Thumb Code    34  os_tmr.o(.text)
    OSTmrCreate                              0x08012ac7   Thumb Code   248  os_tmr.o(.text)
    OS_TmrClr                                0x08012bbf   Thumb Code    36  os_tmr.o(.text)
    OS_TmrUnlink                             0x08012be3   Thumb Code    72  os_tmr.o(.text)
    OS_TmrDbgListRemove                      0x08012c2b   Thumb Code    44  os_tmr.o(.text)
    OSTmrDel                                 0x08012c57   Thumb Code   176  os_tmr.o(.text)
    OSTmrRemainGet                           0x08012d07   Thumb Code   184  os_tmr.o(.text)
    OS_TmrLink                               0x08012dbf   Thumb Code   196  os_tmr.o(.text)
    OSTmrStart                               0x08012e83   Thumb Code   210  os_tmr.o(.text)
    OSTmrStateGet                            0x08012f55   Thumb Code   134  os_tmr.o(.text)
    OSTmrStop                                0x08012fdb   Thumb Code   232  os_tmr.o(.text)
    OS_TmrTask                               0x080130c3   Thumb Code   176  os_tmr.o(.text)
    OS_TmrInit                               0x08013173   Thumb Code   208  os_tmr.o(.text)
    OS_TmrResetPeak                          0x08013243   Thumb Code    28  os_tmr.o(.text)
    OSIdleTaskHook                           0x080132bd   Thumb Code    16  os_cpu_c.o(.text)
    OSInitHook                               0x080132cd   Thumb Code    42  os_cpu_c.o(.text)
    OSStatTaskHook                           0x080132f7   Thumb Code    16  os_cpu_c.o(.text)
    OSTaskCreateHook                         0x08013307   Thumb Code    20  os_cpu_c.o(.text)
    OSTaskDelHook                            0x0801331b   Thumb Code    20  os_cpu_c.o(.text)
    OSTaskReturnHook                         0x0801332f   Thumb Code    20  os_cpu_c.o(.text)
    OSTaskStkInit                            0x08013343   Thumb Code   188  os_cpu_c.o(.text)
    OSTaskSwHook                             0x080133ff   Thumb Code   120  os_cpu_c.o(.text)
    OSTimeTickHook                           0x08013477   Thumb Code    16  os_cpu_c.o(.text)
    OS_CPU_SysTickHandler                    0x08013487   Thumb Code    52  os_cpu_c.o(.text)
    OS_CPU_SysTickInit                       0x080134bb   Thumb Code    44  os_cpu_c.o(.text)
    getColor                                 0x08013529   Thumb Code   134  render.o(.text)
    drawInterface                            0x080135af   Thumb Code   244  render.o(.text)
    drawStage                                0x080136a3   Thumb Code    82  render.o(.text)
    slideTest                                0x080136f5   Thumb Code    46  render.o(.text)
    s_abs                                    0x08013731   Thumb Code    18  slide.o(.text)
    slide                                    0x08013743   Thumb Code   232  slide.o(.text)
    __use_no_semihosting                     0x08013839   Thumb Code     2  use_no_semi_2.o(.text)
    __aeabi_uldivmod                         0x0801383b   Thumb Code     0  lludivv7m.o(.text)
    _ll_udiv                                 0x0801383b   Thumb Code   238  lludivv7m.o(.text)
    __2printf                                0x08013929   Thumb Code    20  noretval__2printf.o(.text)
    __printf                                 0x08013941   Thumb Code   104  __printf.o(.text)
    _printf_str                              0x080139a9   Thumb Code    82  _printf_str.o(.text)
    _printf_int_dec                          0x080139fd   Thumb Code   104  _printf_dec.o(.text)
    _printf_int_hex                          0x08013a75   Thumb Code    84  _printf_hex_int.o(.text)
    _printf_longlong_hex                     0x08013a75   Thumb Code     0  _printf_hex_int.o(.text)
    strcmp                                   0x08013acd   Thumb Code   128  strcmpv7m.o(.text)
    __use_two_region_memory                  0x08013b4d   Thumb Code     2  heapauxi.o(.text)
    __rt_heap_escrow$2region                 0x08013b4f   Thumb Code     2  heapauxi.o(.text)
    __rt_heap_expand$2region                 0x08013b51   Thumb Code     2  heapauxi.o(.text)
    __I$use$semihosting                      0x08013b53   Thumb Code     0  use_no_semi.o(.text)
    __use_no_semihosting_swi                 0x08013b53   Thumb Code     2  use_no_semi.o(.text)
    __read_errno                             0x08013b55   Thumb Code    10  _rserrno.o(.text)
    __set_errno                              0x08013b5f   Thumb Code    12  _rserrno.o(.text)
    _printf_int_common                       0x08013b6b   Thumb Code   178  _printf_intcommon.o(.text)
    _printf_cs_common                        0x08013c1d   Thumb Code    20  _printf_char.o(.text)
    _printf_char                             0x08013c31   Thumb Code    16  _printf_char.o(.text)
    _printf_string                           0x08013c41   Thumb Code     8  _printf_char.o(.text)
    _printf_char_file                        0x08013c49   Thumb Code    32  _printf_char_file.o(.text)
    __aeabi_errno_addr                       0x08013c6d   Thumb Code     8  rt_errno_addr_intlibspace.o(.text)
    __errno$intlibspace                      0x08013c6d   Thumb Code     0  rt_errno_addr_intlibspace.o(.text)
    __rt_errno_addr$intlibspace              0x08013c6d   Thumb Code     0  rt_errno_addr_intlibspace.o(.text)
    _printf_char_common                      0x08013c7f   Thumb Code    32  _printf_char_common.o(.text)
    ferror                                   0x08013ca5   Thumb Code     8  ferror.o(.text)
    __user_libspace                          0x08013cad   Thumb Code     8  libspace.o(.text)
    __user_perproc_libspace                  0x08013cad   Thumb Code     0  libspace.o(.text)
    __user_perthread_libspace                0x08013cad   Thumb Code     0  libspace.o(.text)
    __user_setup_stackheap                   0x08013cb5   Thumb Code    74  sys_stackheap_outer.o(.text)
    exit                                     0x08013cff   Thumb Code    12  exit.o(.text)
    OSStartHighRdy                           0x08013d0d   Thumb Code     0  os_cpu_a.o(CODE)
    PendSV_Handler                           0x08013d43   Thumb Code     0  os_cpu_a.o(CODE)
    sqrt                                     0x08013da5   Thumb Code    76  sqrt.o(i.sqrt)
    __aeabi_dadd                             0x08013df1   Thumb Code     0  daddsub_clz.o(x$fpl$dadd)
    _dadd                                    0x08013df1   Thumb Code   332  daddsub_clz.o(x$fpl$dadd)
    __fpl_dcmp_Inf                           0x08013f41   Thumb Code    24  dcmpi.o(x$fpl$dcmpinf)
    __aeabi_d2uiz                            0x08013f59   Thumb Code     0  dfixu.o(x$fpl$dfixu)
    _dfixu                                   0x08013f59   Thumb Code    90  dfixu.o(x$fpl$dfixu)
    __aeabi_i2d                              0x08013fb3   Thumb Code     0  dflt_clz.o(x$fpl$dflt)
    _dflt                                    0x08013fb3   Thumb Code    46  dflt_clz.o(x$fpl$dflt)
    __aeabi_ui2d                             0x08013fe1   Thumb Code     0  dflt_clz.o(x$fpl$dfltu)
    _dfltu                                   0x08013fe1   Thumb Code    38  dflt_clz.o(x$fpl$dfltu)
    __aeabi_cdcmple                          0x08014009   Thumb Code     0  dleqf.o(x$fpl$dleqf)
    _dcmple                                  0x08014009   Thumb Code   120  dleqf.o(x$fpl$dleqf)
    __fpl_dcmple_InfNaN                      0x0801406b   Thumb Code     0  dleqf.o(x$fpl$dleqf)
    __aeabi_dmul                             0x08014081   Thumb Code     0  dmul.o(x$fpl$dmul)
    _dmul                                    0x08014081   Thumb Code   332  dmul.o(x$fpl$dmul)
    __fpl_dnaninf                            0x080141d5   Thumb Code   156  dnaninf.o(x$fpl$dnaninf)
    __fpl_dretinf                            0x08014271   Thumb Code    12  dretinf.o(x$fpl$dretinf)
    __aeabi_cdrcmple                         0x0801427d   Thumb Code     0  drleqf.o(x$fpl$drleqf)
    _drcmple                                 0x0801427d   Thumb Code   108  drleqf.o(x$fpl$drleqf)
    __aeabi_drsub                            0x080142e9   Thumb Code     0  daddsub_clz.o(x$fpl$drsb)
    _drsb                                    0x080142e9   Thumb Code    22  daddsub_clz.o(x$fpl$drsb)
    _dsqrt                                   0x08014301   Thumb Code   456  dsqrt_noumaal.o(x$fpl$dsqrt)
    __aeabi_dsub                             0x080144cd   Thumb Code     0  daddsub_clz.o(x$fpl$dsub)
    _dsub                                    0x080144cd   Thumb Code   464  daddsub_clz.o(x$fpl$dsub)
    __aeabi_f2d                              0x080146a1   Thumb Code     0  f2d.o(x$fpl$f2d)
    _f2d                                     0x080146a1   Thumb Code    86  f2d.o(x$fpl$f2d)
    __aeabi_fadd                             0x080146f9   Thumb Code     0  faddsub_clz.o(x$fpl$fadd)
    _fadd                                    0x080146f9   Thumb Code   196  faddsub_clz.o(x$fpl$fadd)
    __aeabi_fdiv                             0x080147bd   Thumb Code     0  fdiv.o(x$fpl$fdiv)
    _fdiv                                    0x080147bd   Thumb Code   384  fdiv.o(x$fpl$fdiv)
    __aeabi_f2iz                             0x08014941   Thumb Code     0  ffix.o(x$fpl$ffix)
    _ffix                                    0x08014941   Thumb Code    54  ffix.o(x$fpl$ffix)
    __aeabi_f2uiz                            0x08014979   Thumb Code     0  ffixu.o(x$fpl$ffixu)
    _ffixu                                   0x08014979   Thumb Code    62  ffixu.o(x$fpl$ffixu)
    __aeabi_i2f                              0x080149b9   Thumb Code     0  fflt_clz.o(x$fpl$fflt)
    _fflt                                    0x080149b9   Thumb Code    48  fflt_clz.o(x$fpl$fflt)
    __aeabi_ui2f                             0x080149e9   Thumb Code     0  fflt_clz.o(x$fpl$ffltu)
    _ffltu                                   0x080149e9   Thumb Code    38  fflt_clz.o(x$fpl$ffltu)
    __aeabi_fmul                             0x08014a11   Thumb Code     0  fmul.o(x$fpl$fmul)
    _fmul                                    0x08014a11   Thumb Code   258  fmul.o(x$fpl$fmul)
    __fpl_fnaninf                            0x08014b13   Thumb Code   140  fnaninf.o(x$fpl$fnaninf)
    __fpl_fretinf                            0x08014b9f   Thumb Code    10  fretinf.o(x$fpl$fretinf)
    __aeabi_fsub                             0x08014ba9   Thumb Code     0  faddsub_clz.o(x$fpl$fsub)
    _fsub                                    0x08014ba9   Thumb Code   234  faddsub_clz.o(x$fpl$fsub)
    __I$use$fp                               0x08014c92   Number         0  usenofp.o(x$fpl$usenofp)
    asc2_1206                                0x08014c92   Data        1140  lcd.o(.constdata)
    asc2_1608                                0x08015106   Data        1520  lcd.o(.constdata)
    asc2_2412                                0x080156f6   Data        3420  lcd.o(.constdata)
    FT5206_TPX_TBL                           0x08016452   Data          10  ft5206.o(.constdata)
    GT9147_CFG_TBL                           0x0801645c   Data         184  gt9147.o(.constdata)
    GT9147_TPX_TBL                           0x08016514   Data          10  gt9147.o(.constdata)
    OTT_TPX_TBL                              0x0801651e   Data          10  ott2001a.o(.constdata)
    TP_ADJDIS_TBL                            0x08016528   Data          12  touch.o(.constdata)
    CPU_EndiannessTest                       0x08016634   Data           4  cpu_core.o(.constdata)
    OSCfg_IdleTaskStkBasePtr                 0x080166cc   Data           4  os_cfg_app.o(.constdata)
    OSCfg_IdleTaskStkLimit                   0x080166d0   Data           4  os_cfg_app.o(.constdata)
    OSCfg_IdleTaskStkSize                    0x080166d4   Data           4  os_cfg_app.o(.constdata)
    OSCfg_IdleTaskStkSizeRAM                 0x080166d8   Data           4  os_cfg_app.o(.constdata)
    OSCfg_IntQBasePtr                        0x080166dc   Data           4  os_cfg_app.o(.constdata)
    OSCfg_IntQSize                           0x080166e0   Data           2  os_cfg_app.o(.constdata)
    OSCfg_IntQSizeRAM                        0x080166e4   Data           4  os_cfg_app.o(.constdata)
    OSCfg_IntQTaskStkBasePtr                 0x080166e8   Data           4  os_cfg_app.o(.constdata)
    OSCfg_IntQTaskStkLimit                   0x080166ec   Data           4  os_cfg_app.o(.constdata)
    OSCfg_IntQTaskStkSize                    0x080166f0   Data           4  os_cfg_app.o(.constdata)
    OSCfg_IntQTaskStkSizeRAM                 0x080166f4   Data           4  os_cfg_app.o(.constdata)
    OSCfg_ISRStkBasePtr                      0x080166f8   Data           4  os_cfg_app.o(.constdata)
    OSCfg_ISRStkSize                         0x080166fc   Data           4  os_cfg_app.o(.constdata)
    OSCfg_ISRStkSizeRAM                      0x08016700   Data           4  os_cfg_app.o(.constdata)
    OSCfg_MsgPoolSize                        0x08016704   Data           2  os_cfg_app.o(.constdata)
    OSCfg_MsgPoolSizeRAM                     0x08016708   Data           4  os_cfg_app.o(.constdata)
    OSCfg_MsgPoolBasePtr                     0x0801670c   Data           4  os_cfg_app.o(.constdata)
    OSCfg_StatTaskPrio                       0x08016710   Data           1  os_cfg_app.o(.constdata)
    OSCfg_StatTaskRate_Hz                    0x08016714   Data           4  os_cfg_app.o(.constdata)
    OSCfg_StatTaskStkBasePtr                 0x08016718   Data           4  os_cfg_app.o(.constdata)
    OSCfg_StatTaskStkLimit                   0x0801671c   Data           4  os_cfg_app.o(.constdata)
    OSCfg_StatTaskStkSize                    0x08016720   Data           4  os_cfg_app.o(.constdata)
    OSCfg_StatTaskStkSizeRAM                 0x08016724   Data           4  os_cfg_app.o(.constdata)
    OSCfg_StkSizeMin                         0x08016728   Data           4  os_cfg_app.o(.constdata)
    OSCfg_TickRate_Hz                        0x0801672c   Data           4  os_cfg_app.o(.constdata)
    OSCfg_TickTaskPrio                       0x08016730   Data           1  os_cfg_app.o(.constdata)
    OSCfg_TickTaskStkBasePtr                 0x08016734   Data           4  os_cfg_app.o(.constdata)
    OSCfg_TickTaskStkLimit                   0x08016738   Data           4  os_cfg_app.o(.constdata)
    OSCfg_TickTaskStkSize                    0x0801673c   Data           4  os_cfg_app.o(.constdata)
    OSCfg_TickTaskStkSizeRAM                 0x08016740   Data           4  os_cfg_app.o(.constdata)
    OSCfg_TickWheelSize                      0x08016744   Data           2  os_cfg_app.o(.constdata)
    OSCfg_TickWheelSizeRAM                   0x08016748   Data           4  os_cfg_app.o(.constdata)
    OSCfg_TmrTaskPrio                        0x0801674c   Data           1  os_cfg_app.o(.constdata)
    OSCfg_TmrTaskRate_Hz                     0x08016750   Data           4  os_cfg_app.o(.constdata)
    OSCfg_TmrTaskStkBasePtr                  0x08016754   Data           4  os_cfg_app.o(.constdata)
    OSCfg_TmrTaskStkLimit                    0x08016758   Data           4  os_cfg_app.o(.constdata)
    OSCfg_TmrTaskStkSize                     0x0801675c   Data           4  os_cfg_app.o(.constdata)
    OSCfg_TmrTaskStkSizeRAM                  0x08016760   Data           4  os_cfg_app.o(.constdata)
    OSCfg_TmrWheelSize                       0x08016764   Data           2  os_cfg_app.o(.constdata)
    OSCfg_TmrWheelSizeRAM                    0x08016768   Data           4  os_cfg_app.o(.constdata)
    OSCfg_DataSizeRAM                        0x0801676c   Data           4  os_cfg_app.o(.constdata)
    OSDbg_DbgEn                              0x08016770   Data           2  os_dbg.o(.constdata)
    OSDbg_ArgChkEn                           0x08016772   Data           1  os_dbg.o(.constdata)
    OSDbg_AppHooksEn                         0x08016773   Data           1  os_dbg.o(.constdata)
    OSDbg_EndiannessTest                     0x08016774   Data           4  os_dbg.o(.constdata)
    OSDbg_CalledFromISRChkEn                 0x08016778   Data           1  os_dbg.o(.constdata)
    OSDbg_FlagEn                             0x08016779   Data           1  os_dbg.o(.constdata)
    OSDbg_FlagGrp                            0x0801677c   Data          40  os_dbg.o(.constdata)
    OSDbg_FlagDelEn                          0x080167a4   Data           1  os_dbg.o(.constdata)
    OSDbg_FlagModeClrEn                      0x080167a5   Data           1  os_dbg.o(.constdata)
    OSDbg_FlagPendAbortEn                    0x080167a6   Data           1  os_dbg.o(.constdata)
    OSDbg_FlagGrpSize                        0x080167a8   Data           2  os_dbg.o(.constdata)
    OSDbg_FlagWidth                          0x080167aa   Data           2  os_dbg.o(.constdata)
    OSDbg_IntQ                               0x080167ac   Data           2  os_dbg.o(.constdata)
    OSDbg_ISRPostDeferredEn                  0x080167ae   Data           1  os_dbg.o(.constdata)
    OSDbg_Mem                                0x080167b0   Data          32  os_dbg.o(.constdata)
    OSDbg_MemEn                              0x080167d0   Data           1  os_dbg.o(.constdata)
    OSDbg_MemSize                            0x080167d2   Data           2  os_dbg.o(.constdata)
    OSDbg_MsgEn                              0x080167d4   Data           1  os_dbg.o(.constdata)
    OSDbg_MsgSize                            0x080167d6   Data           2  os_dbg.o(.constdata)
    OSDbg_MsgPoolSize                        0x080167d8   Data           2  os_dbg.o(.constdata)
    OSDbg_MsgQSize                           0x080167da   Data           2  os_dbg.o(.constdata)
    OSDbg_Mutex                              0x080167dc   Data          44  os_dbg.o(.constdata)
    OSDbg_MutexEn                            0x08016808   Data           1  os_dbg.o(.constdata)
    OSDbg_MutexDelEn                         0x08016809   Data           1  os_dbg.o(.constdata)
    OSDbg_MutexPendAbortEn                   0x0801680a   Data           1  os_dbg.o(.constdata)
    OSDbg_MutexSize                          0x0801680c   Data           2  os_dbg.o(.constdata)
    OSDbg_ObjTypeChkEn                       0x0801680e   Data           1  os_dbg.o(.constdata)
    OSDbg_PendMultiEn                        0x0801680f   Data           1  os_dbg.o(.constdata)
    OSDbg_PendDataSize                       0x08016810   Data           2  os_dbg.o(.constdata)
    OSDbg_PendListSize                       0x08016812   Data           2  os_dbg.o(.constdata)
    OSDbg_PendObjSize                        0x08016814   Data           2  os_dbg.o(.constdata)
    OSDbg_PrioMax                            0x08016816   Data           2  os_dbg.o(.constdata)
    OSDbg_PrioTblSize                        0x08016818   Data           2  os_dbg.o(.constdata)
    OSDbg_PtrSize                            0x0801681a   Data           2  os_dbg.o(.constdata)
    OSDbg_Q                                  0x0801681c   Data          48  os_dbg.o(.constdata)
    OSDbg_QEn                                0x0801684c   Data           1  os_dbg.o(.constdata)
    OSDbg_QDelEn                             0x0801684d   Data           1  os_dbg.o(.constdata)
    OSDbg_QFlushEn                           0x0801684e   Data           1  os_dbg.o(.constdata)
    OSDbg_QPendAbortEn                       0x0801684f   Data           1  os_dbg.o(.constdata)
    OSDbg_QSize                              0x08016850   Data           2  os_dbg.o(.constdata)
    OSDbg_SchedRoundRobinEn                  0x08016852   Data           1  os_dbg.o(.constdata)
    OSDbg_Sem                                0x08016854   Data          40  os_dbg.o(.constdata)
    OSDbg_SemEn                              0x0801687c   Data           1  os_dbg.o(.constdata)
    OSDbg_SemDelEn                           0x0801687d   Data           1  os_dbg.o(.constdata)
    OSDbg_SemPendAbortEn                     0x0801687e   Data           1  os_dbg.o(.constdata)
    OSDbg_SemSetEn                           0x0801687f   Data           1  os_dbg.o(.constdata)
    OSDbg_SemSize                            0x08016880   Data           2  os_dbg.o(.constdata)
    OSDbg_RdyList                            0x08016882   Data           2  os_dbg.o(.constdata)
    OSDbg_RdyListSize                        0x08016884   Data           4  os_dbg.o(.constdata)
    OSDbg_StkWidth                           0x08016888   Data           1  os_dbg.o(.constdata)
    OSDbg_StatTaskEn                         0x08016889   Data           1  os_dbg.o(.constdata)
    OSDbg_StatTaskStkChkEn                   0x0801688a   Data           1  os_dbg.o(.constdata)
    OSDbg_TaskChangePrioEn                   0x0801688b   Data           1  os_dbg.o(.constdata)
    OSDbg_TaskDelEn                          0x0801688c   Data           1  os_dbg.o(.constdata)
    OSDbg_TaskQEn                            0x0801688d   Data           1  os_dbg.o(.constdata)
    OSDbg_TaskQPendAbortEn                   0x0801688e   Data           1  os_dbg.o(.constdata)
    OSDbg_TaskProfileEn                      0x0801688f   Data           1  os_dbg.o(.constdata)
    OSDbg_TaskRegTblSize                     0x08016890   Data           2  os_dbg.o(.constdata)
    OSDbg_TaskSemPendAbortEn                 0x08016892   Data           1  os_dbg.o(.constdata)
    OSDbg_TaskSuspendEn                      0x08016893   Data           1  os_dbg.o(.constdata)
    OSDbg_TCBSize                            0x08016894   Data           2  os_dbg.o(.constdata)
    OSDbg_TickSpokeSize                      0x08016896   Data           2  os_dbg.o(.constdata)
    OSDbg_TimeDlyHMSMEn                      0x08016898   Data           1  os_dbg.o(.constdata)
    OSDbg_TimeDlyResumeEn                    0x08016899   Data           1  os_dbg.o(.constdata)
    OSDbg_TLS_TblSize                        0x0801689a   Data           2  os_dbg.o(.constdata)
    OSDbg_Tmr                                0x0801689c   Data          52  os_dbg.o(.constdata)
    OSDbg_TmrEn                              0x080168d0   Data           1  os_dbg.o(.constdata)
    OSDbg_TmrDelEn                           0x080168d1   Data           1  os_dbg.o(.constdata)
    OSDbg_TmrSize                            0x080168d2   Data           2  os_dbg.o(.constdata)
    OSDbg_TmrSpokeSize                       0x080168d4   Data           2  os_dbg.o(.constdata)
    OSDbg_VersionNbr                         0x080168d6   Data           2  os_dbg.o(.constdata)
    OSDbg_DataSize                           0x080168d8   Data           4  os_dbg.o(.constdata)
    Region$$Table$$Base                      0x08016980   Number         0  anon$$obj.o(Region$$Table)
    Region$$Table$$Limit                     0x080169a0   Number         0  anon$$obj.o(Region$$Table)
    slideDir                                 0x20000000   Data           4  main.o(.data)
    key                                      0x20000004   Data           1  main.o(.data)
    game                                     0x20000006   Data          32  main.o(.data)
    score                                    0x20000026   Data           2  main.o(.data)
    SystemCoreClock                          0x20000028   Data           4  system_stm32f10x.o(.data)
    AHBPrescTable                            0x2000002c   Data          16  system_stm32f10x.o(.data)
    POINT_COLOR                              0x2000003c   Data           2  lcd.o(.data)
    BACK_COLOR                               0x2000003e   Data           2  lcd.o(.data)
    tp_dev                                   0x20000044   Data          52  touch.o(.data)
    CMD_RDX                                  0x20000078   Data           1  touch.o(.data)
    CMD_RDY                                  0x20000079   Data           1  touch.o(.data)
    TP_REMIND_MSG_TBL                        0x2000007c   Data           4  touch.o(.data)
    RmtSta                                   0x20000080   Data           1  remote.o(.data)
    Dval                                     0x20000082   Data           2  remote.o(.data)
    RmtRec                                   0x20000084   Data           4  remote.o(.data)
    RmtCnt                                   0x20000088   Data           1  remote.o(.data)
    __stdout                                 0x20000090   Data           4  usart.o(.data)
    USART_RX_STA                             0x20000094   Data           2  usart.o(.data)
    CPU_TS_TmrFreq_Hz                        0x200000ac   Data           4  cpu_core.o(.data)
    Mem_PoolTbl                              0x200000b0   Data           4  lib_mem.o(.data)
    OSPrioTbl                                0x200000b4   Data           8  os_prio.o(.data)
    OS_AppTaskCreateHookPtr                  0x200000bc   Data           4  os_var.o(.data)
    OS_AppTaskDelHookPtr                     0x200000c0   Data           4  os_var.o(.data)
    OS_AppTaskReturnHookPtr                  0x200000c4   Data           4  os_var.o(.data)
    OS_AppIdleTaskHookPtr                    0x200000c8   Data           4  os_var.o(.data)
    OS_AppStatTaskHookPtr                    0x200000cc   Data           4  os_var.o(.data)
    OS_AppTaskSwHookPtr                      0x200000d0   Data           4  os_var.o(.data)
    OS_AppTimeTickHookPtr                    0x200000d4   Data           4  os_var.o(.data)
    OSIdleTaskCtr                            0x200000d8   Data           4  os_var.o(.data)
    OSIntNestingCtr                          0x200000dc   Data           1  os_var.o(.data)
    OSRunning                                0x200000dd   Data           1  os_var.o(.data)
    OSIntQInPtr                              0x200000e0   Data           4  os_var.o(.data)
    OSIntQOutPtr                             0x200000e4   Data           4  os_var.o(.data)
    OSIntQNbrEntries                         0x200000e8   Data           2  os_var.o(.data)
    OSIntQNbrEntriesMax                      0x200000ea   Data           2  os_var.o(.data)
    OSIntQOvfCtr                             0x200000ec   Data           2  os_var.o(.data)
    OSIntQTaskTimeMax                        0x200000f0   Data           4  os_var.o(.data)
    OSFlagDbgListPtr                         0x200000f4   Data           4  os_var.o(.data)
    OSFlagQty                                0x200000f8   Data           2  os_var.o(.data)
    OSMemDbgListPtr                          0x200000fc   Data           4  os_var.o(.data)
    OSMemQty                                 0x20000100   Data           2  os_var.o(.data)
    OSMutexDbgListPtr                        0x20000104   Data           4  os_var.o(.data)
    OSMutexQty                               0x20000108   Data           2  os_var.o(.data)
    OSPrioCur                                0x2000010a   Data           1  os_var.o(.data)
    OSPrioHighRdy                            0x2000010b   Data           1  os_var.o(.data)
    OSPrioSaved                              0x2000010c   Data           1  os_var.o(.data)
    OSQDbgListPtr                            0x20000110   Data           4  os_var.o(.data)
    OSQQty                                   0x20000114   Data           2  os_var.o(.data)
    OSSchedLockTimeBegin                     0x20000118   Data           4  os_var.o(.data)
    OSSchedLockTimeMax                       0x2000011c   Data           4  os_var.o(.data)
    OSSchedLockTimeMaxCur                    0x20000120   Data           4  os_var.o(.data)
    OSSchedLockNestingCtr                    0x20000124   Data           1  os_var.o(.data)
    OSSchedRoundRobinDfltTimeQuanta          0x20000128   Data           4  os_var.o(.data)
    OSSchedRoundRobinEn                      0x2000012c   Data           1  os_var.o(.data)
    OSSemDbgListPtr                          0x20000130   Data           4  os_var.o(.data)
    OSSemQty                                 0x20000134   Data           2  os_var.o(.data)
    OSStatResetFlag                          0x20000136   Data           1  os_var.o(.data)
    OSStatTaskCPUUsage                       0x20000138   Data           2  os_var.o(.data)
    OSStatTaskCPUUsageMax                    0x2000013a   Data           2  os_var.o(.data)
    OSStatTaskCtr                            0x2000013c   Data           4  os_var.o(.data)
    OSStatTaskCtrMax                         0x20000140   Data           4  os_var.o(.data)
    OSStatTaskCtrRun                         0x20000144   Data           4  os_var.o(.data)
    OSStatTaskRdy                            0x20000148   Data           1  os_var.o(.data)
    OSStatTaskTimeMax                        0x2000014c   Data           4  os_var.o(.data)
    OSTaskCtxSwCtr                           0x20000150   Data           4  os_var.o(.data)
    OSTaskDbgListPtr                         0x20000154   Data           4  os_var.o(.data)
    OSTaskQty                                0x20000158   Data           2  os_var.o(.data)
    OSTaskRegNextAvailID                     0x2000015a   Data           1  os_var.o(.data)
    OSTickCtr                                0x2000015c   Data           4  os_var.o(.data)
    OSTickTaskTimeMax                        0x20000160   Data           4  os_var.o(.data)
    OSTmrDbgListPtr                          0x20000164   Data           4  os_var.o(.data)
    OSTmrQty                                 0x20000168   Data           2  os_var.o(.data)
    OSTmrTaskTimeMax                         0x2000016c   Data           4  os_var.o(.data)
    OSTmrTickCtr                             0x20000170   Data           4  os_var.o(.data)
    OSTmrUpdateCnt                           0x20000174   Data           4  os_var.o(.data)
    OSTmrUpdateCtr                           0x20000178   Data           4  os_var.o(.data)
    OSTCBCurPtr                              0x2000017c   Data           4  os_var.o(.data)
    OSTCBHighRdyPtr                          0x20000180   Data           4  os_var.o(.data)
    OS_CPU_ExceptStkBase                     0x20000184   Data           4  os_cpu_c.o(.data)
    StartTaskTCB                             0x20000188   Data         196  main.o(.bss)
    START_TASK_STK                           0x2000024c   Data        2560  main.o(.bss)
    KeyTaskTCB                               0x20000c4c   Data         196  main.o(.bss)
    KEY_TASK_STK                             0x20000d10   Data         512  main.o(.bss)
    Led1TaskTCB                              0x20000f10   Data         196  main.o(.bss)
    LED1_TASK_STK                            0x20000fd4   Data         512  main.o(.bss)
    Lcd1TaskTCB                              0x200011d4   Data         196  main.o(.bss)
    LCD1_TASK_STK                            0x20001298   Data         512  main.o(.bss)
    ScanTaskTCB                              0x20001498   Data         196  main.o(.bss)
    SCAN_TASK_STK                            0x2000155c   Data         512  main.o(.bss)
    lcddev                                   0x2000175c   Data          14  lcd.o(.bss)
    USART_RX_BUF                             0x2000176a   Data         200  usart.o(.bss)
    CPU_Name                                 0x20001832   Data          16  cpu_core.o(.bss)
    Mem_PoolHeap                             0x20001844   Data          72  lib_mem.o(.bss)
    Mem_Heap                                 0x2000188c   Data        1024  lib_mem.o(.bss)
    OSCfg_IdleTaskStk                        0x20001c8c   Data         512  os_cfg_app.o(.bss)
    OSCfg_IntQ                               0x20001e8c   Data         320  os_cfg_app.o(.bss)
    OSCfg_IntQTaskStk                        0x20001fcc   Data         512  os_cfg_app.o(.bss)
    OSCfg_ISRStk                             0x200021cc   Data         512  os_cfg_app.o(.bss)
    OSCfg_MsgPool                            0x200023cc   Data        1600  os_cfg_app.o(.bss)
    OSCfg_StatTaskStk                        0x20002a0c   Data         512  os_cfg_app.o(.bss)
    OSCfg_TickTaskStk                        0x20002c0c   Data         512  os_cfg_app.o(.bss)
    OSCfg_TickWheel                          0x20002e0c   Data         136  os_cfg_app.o(.bss)
    OSCfg_TmrTaskStk                         0x20002e94   Data         512  os_cfg_app.o(.bss)
    OSCfg_TmrWheel                           0x20003094   Data         136  os_cfg_app.o(.bss)
    OSIdleTaskTCB                            0x2000311c   Data         196  os_var.o(.bss)
    OSIntQTaskTCB                            0x200031e0   Data         196  os_var.o(.bss)
    OSMsgPool                                0x200032a4   Data          12  os_var.o(.bss)
    OSRdyList                                0x200032b0   Data         768  os_var.o(.bss)
    OSStatTaskTCB                            0x200035b0   Data         196  os_var.o(.bss)
    OSTickTaskTCB                            0x20003674   Data         196  os_var.o(.bss)
    OSTmrTaskTCB                             0x20003738   Data         196  os_var.o(.bss)
    point                                    0x200037fc   Data          12  slide.o(.bss)
    __libspace_start                         0x20003808   Data          96  libspace.o(.bss)
    __temporary_stack_top$libspace           0x20003868   Data           0  libspace.o(.bss)



==============================================================================

Memory Map of the image

  Image Entry point : 0x08000131

  Load Region LR_IROM1 (Base: 0x08000000, Size: 0x00016b28, Max: 0x00040000, ABSOLUTE, COMPRESSED[0x000169f0])

    Execution Region ER_IROM1 (Base: 0x08000000, Size: 0x000169a0, Max: 0x00040000, ABSOLUTE)

    Base Addr    Size         Type   Attr      Idx    E Section Name        Object

    0x08000000   0x00000130   Data   RO          491    RESET               startup_stm32f10x_hd.o
    0x08000130   0x00000008   Code   RO         1059  * !!!main             c_w.l(__main.o)
    0x08000138   0x00000034   Code   RO         1318    !!!scatter          c_w.l(__scatter.o)
    0x0800016c   0x0000005a   Code   RO         1316    !!dczerorl2         c_w.l(__dczerorl2.o)
    0x080001c6   0x00000002   PAD
    0x080001c8   0x0000001c   Code   RO         1320    !!handler_zi        c_w.l(__scatter_zi.o)
    0x080001e4   0x00000000   Code   RO         1054    .ARM.Collect$$_printf_percent$$00000000  c_w.l(_printf_percent.o)
    0x080001e4   0x00000006   Code   RO         1053    .ARM.Collect$$_printf_percent$$00000009  c_w.l(_printf_d.o)
    0x080001ea   0x00000006   Code   RO         1052    .ARM.Collect$$_printf_percent$$0000000C  c_w.l(_printf_x.o)
    0x080001f0   0x00000006   Code   RO         1051    .ARM.Collect$$_printf_percent$$00000014  c_w.l(_printf_s.o)
    0x080001f6   0x00000004   Code   RO         1134    .ARM.Collect$$_printf_percent$$00000017  c_w.l(_printf_percent_end.o)
    0x080001fa   0x00000002   Code   RO         1194    .ARM.Collect$$libinit$$00000000  c_w.l(libinit.o)
    0x080001fc   0x00000000   Code   RO         1204    .ARM.Collect$$libinit$$00000002  c_w.l(libinit2.o)
    0x080001fc   0x00000000   Code   RO         1206    .ARM.Collect$$libinit$$00000004  c_w.l(libinit2.o)
    0x080001fc   0x00000000   Code   RO         1209    .ARM.Collect$$libinit$$0000000A  c_w.l(libinit2.o)
    0x080001fc   0x00000000   Code   RO         1211    .ARM.Collect$$libinit$$0000000C  c_w.l(libinit2.o)
    0x080001fc   0x00000000   Code   RO         1213    .ARM.Collect$$libinit$$0000000E  c_w.l(libinit2.o)
    0x080001fc   0x00000000   Code   RO         1216    .ARM.Collect$$libinit$$00000011  c_w.l(libinit2.o)
    0x080001fc   0x00000000   Code   RO         1218    .ARM.Collect$$libinit$$00000013  c_w.l(libinit2.o)
    0x080001fc   0x00000000   Code   RO         1220    .ARM.Collect$$libinit$$00000015  c_w.l(libinit2.o)
    0x080001fc   0x00000000   Code   RO         1222    .ARM.Collect$$libinit$$00000017  c_w.l(libinit2.o)
    0x080001fc   0x00000000   Code   RO         1224    .ARM.Collect$$libinit$$00000019  c_w.l(libinit2.o)
    0x080001fc   0x00000000   Code   RO         1226    .ARM.Collect$$libinit$$0000001B  c_w.l(libinit2.o)
    0x080001fc   0x00000000   Code   RO         1228    .ARM.Collect$$libinit$$0000001D  c_w.l(libinit2.o)
    0x080001fc   0x00000000   Code   RO         1230    .ARM.Collect$$libinit$$0000001F  c_w.l(libinit2.o)
    0x080001fc   0x00000000   Code   RO         1232    .ARM.Collect$$libinit$$00000021  c_w.l(libinit2.o)
    0x080001fc   0x00000000   Code   RO         1234    .ARM.Collect$$libinit$$00000023  c_w.l(libinit2.o)
    0x080001fc   0x00000000   Code   RO         1236    .ARM.Collect$$libinit$$00000025  c_w.l(libinit2.o)
    0x080001fc   0x00000000   Code   RO         1240    .ARM.Collect$$libinit$$0000002C  c_w.l(libinit2.o)
    0x080001fc   0x00000000   Code   RO         1242    .ARM.Collect$$libinit$$0000002E  c_w.l(libinit2.o)
    0x080001fc   0x00000000   Code   RO         1244    .ARM.Collect$$libinit$$00000030  c_w.l(libinit2.o)
    0x080001fc   0x00000000   Code   RO         1246    .ARM.Collect$$libinit$$00000032  c_w.l(libinit2.o)
    0x080001fc   0x00000002   Code   RO         1247    .ARM.Collect$$libinit$$00000033  c_w.l(libinit2.o)
    0x080001fe   0x00000002   Code   RO         1273    .ARM.Collect$$libshutdown$$00000000  c_w.l(libshutdown.o)
    0x08000200   0x00000000   Code   RO         1301    .ARM.Collect$$libshutdown$$00000003  c_w.l(libshutdown2.o)
    0x08000200   0x00000000   Code   RO         1304    .ARM.Collect$$libshutdown$$00000006  c_w.l(libshutdown2.o)
    0x08000200   0x00000000   Code   RO         1307    .ARM.Collect$$libshutdown$$00000009  c_w.l(libshutdown2.o)
    0x08000200   0x00000000   Code   RO         1309    .ARM.Collect$$libshutdown$$0000000B  c_w.l(libshutdown2.o)
    0x08000200   0x00000000   Code   RO         1312    .ARM.Collect$$libshutdown$$0000000E  c_w.l(libshutdown2.o)
    0x08000200   0x00000002   Code   RO         1313    .ARM.Collect$$libshutdown$$0000000F  c_w.l(libshutdown2.o)
    0x08000202   0x00000000   Code   RO         1121    .ARM.Collect$$rtentry$$00000000  c_w.l(__rtentry.o)
    0x08000202   0x00000000   Code   RO         1149    .ARM.Collect$$rtentry$$00000002  c_w.l(__rtentry2.o)
    0x08000202   0x00000006   Code   RO         1161    .ARM.Collect$$rtentry$$00000004  c_w.l(__rtentry4.o)
    0x08000208   0x00000000   Code   RO         1151    .ARM.Collect$$rtentry$$00000009  c_w.l(__rtentry2.o)
    0x08000208   0x00000004   Code   RO         1152    .ARM.Collect$$rtentry$$0000000A  c_w.l(__rtentry2.o)
    0x0800020c   0x00000000   Code   RO         1154    .ARM.Collect$$rtentry$$0000000C  c_w.l(__rtentry2.o)
    0x0800020c   0x00000008   Code   RO         1155    .ARM.Collect$$rtentry$$0000000D  c_w.l(__rtentry2.o)
    0x08000214   0x00000002   Code   RO         1195    .ARM.Collect$$rtexit$$00000000  c_w.l(rtexit.o)
    0x08000216   0x00000000   Code   RO         1249    .ARM.Collect$$rtexit$$00000002  c_w.l(rtexit2.o)
    0x08000216   0x00000004   Code   RO         1250    .ARM.Collect$$rtexit$$00000003  c_w.l(rtexit2.o)
    0x0800021a   0x00000006   Code   RO         1251    .ARM.Collect$$rtexit$$00000004  c_w.l(rtexit2.o)
    0x08000220   0x0000052c   Code   RO            1    .text               main.o
    0x0800074c   0x00000016   Code   RO          184    .text               stm32f10x_it.o
    0x08000762   0x00000002   PAD
    0x08000764   0x000001e0   Code   RO          216    .text               system_stm32f10x.o
    0x08000944   0x00000050   Code   RO          234    .text               led.o
    0x08000994   0x00005846   Code   RO          246    .text               lcd.o
    0x080061da   0x0000017a   Code   RO          273    .text               24cxx.o
    0x08006354   0x00000258   Code   RO          285    .text               myiic.o
    0x080065ac   0x000000fc   Code   RO          297    .text               key.o
    0x080066a8   0x00000260   Code   RO          310    .text               ctiic.o
    0x08006908   0x00000334   Code   RO          325    .text               ft5206.o
    0x08006c3c   0x000003e4   Code   RO          348    .text               gt9147.o
    0x08007020   0x0000036c   Code   RO          364    .text               ott2001a.o
    0x0800738c   0x00000ca4   Code   RO          380    .text               touch.o
    0x08008030   0x000002a8   Code   RO          400    .text               remote.o
    0x080082d8   0x0000014c   Code   RO          418    .text               delay.o
    0x08008424   0x00000150   Code   RO          456    .text               usart.o
    0x08008574   0x00000040   Code   RO          492    .text               startup_stm32f10x_hd.o
    0x080085b4   0x000000dc   Code   RO          496    .text               misc.o
    0x08008690   0x0000035c   Code   RO          508    .text               stm32f10x_gpio.o
    0x080089ec   0x00000408   Code   RO          520    .text               stm32f10x_usart.o
    0x08008df4   0x000003a4   Code   RO          532    .text               stm32f10x_rcc.o
    0x08009198   0x00000e1a   Code   RO          546    .text               stm32f10x_tim.o
    0x08009fb2   0x00000002   PAD
    0x08009fb4   0x00000084   Code   RO          558    .text               bsp.o
    0x0800a038   0x000002a8   Code   RO          573    .text               cpu_core.o
    0x0800a2e0   0x00000034   Code   RO          611    .text               cpu_a.o
    0x0800a314   0x00000256   Code   RO          614    .text               lib_ascii.o
    0x0800a56a   0x00000002   PAD
    0x0800a56c   0x000009c6   Code   RO          647    .text               lib_mem.o
    0x0800af32   0x00000002   PAD
    0x0800af34   0x0000092c   Code   RO          666    .text               lib_str.o
    0x0800b860   0x00000220   Code   RO          683    .text               lib_mem_a.o
    0x0800ba80   0x000000fc   Code   RO          686    .text               os_cfg_app.o
    0x0800bb7c   0x00000e04   Code   RO          709    .text               os_core.o
    0x0800c980   0x000001b0   Code   RO          721    .text               os_dbg.o
    0x0800cb30   0x00000e28   Code   RO          736    .text               os_flag.o
    0x0800d958   0x00000444   Code   RO          748    .text               os_int.o
    0x0800dd9c   0x00000238   Code   RO          760    .text               os_mem.o
    0x0800dfd4   0x0000022c   Code   RO          772    .text               os_msg.o
    0x0800e200   0x00000ad4   Code   RO          784    .text               os_mutex.o
    0x0800ecd4   0x0000007c   Code   RO          802    .text               os_prio.o
    0x0800ed50   0x000008d8   Code   RO          821    .text               os_q.o
    0x0800f628   0x00000830   Code   RO          833    .text               os_sem.o
    0x0800fe58   0x00000638   Code   RO          845    .text               os_stat.o
    0x08010490   0x00001bb4   Code   RO          857    .text               os_task.o
    0x08012044   0x000004fc   Code   RO          869    .text               os_tick.o
    0x08012540   0x00000564   Code   RO          881    .text               os_time.o
    0x08012aa4   0x00000818   Code   RO          893    .text               os_tmr.o
    0x080132bc   0x0000026c   Code   RO          922    .text               os_cpu_c.o
    0x08013528   0x00000208   Code   RO          955    .text               render.o
    0x08013730   0x00000108   Code   RO          967    .text               slide.o
    0x08013838   0x00000002   Code   RO          996    .text               c_w.l(use_no_semi_2.o)
    0x0801383a   0x000000ee   Code   RO          998    .text               c_w.l(lludivv7m.o)
    0x08013928   0x00000018   Code   RO         1002    .text               c_w.l(noretval__2printf.o)
    0x08013940   0x00000068   Code   RO         1004    .text               c_w.l(__printf.o)
    0x080139a8   0x00000052   Code   RO         1006    .text               c_w.l(_printf_str.o)
    0x080139fa   0x00000002   PAD
    0x080139fc   0x00000078   Code   RO         1008    .text               c_w.l(_printf_dec.o)
    0x08013a74   0x00000058   Code   RO         1013    .text               c_w.l(_printf_hex_int.o)
    0x08013acc   0x00000080   Code   RO         1055    .text               c_w.l(strcmpv7m.o)
    0x08013b4c   0x00000006   Code   RO         1057    .text               c_w.l(heapauxi.o)
    0x08013b52   0x00000002   Code   RO         1119    .text               c_w.l(use_no_semi.o)
    0x08013b54   0x00000016   Code   RO         1126    .text               c_w.l(_rserrno.o)
    0x08013b6a   0x000000b2   Code   RO         1128    .text               c_w.l(_printf_intcommon.o)
    0x08013c1c   0x0000002c   Code   RO         1130    .text               c_w.l(_printf_char.o)
    0x08013c48   0x00000024   Code   RO         1132    .text               c_w.l(_printf_char_file.o)
    0x08013c6c   0x00000008   Code   RO         1168    .text               c_w.l(rt_errno_addr_intlibspace.o)
    0x08013c74   0x00000030   Code   RO         1170    .text               c_w.l(_printf_char_common.o)
    0x08013ca4   0x00000008   Code   RO         1172    .text               c_w.l(ferror.o)
    0x08013cac   0x00000008   Code   RO         1176    .text               c_w.l(libspace.o)
    0x08013cb4   0x0000004a   Code   RO         1179    .text               c_w.l(sys_stackheap_outer.o)
    0x08013cfe   0x0000000c   Code   RO         1183    .text               c_w.l(exit.o)
    0x08013d0a   0x00000002   PAD
    0x08013d0c   0x00000098   Code   RO          919    CODE                os_cpu_a.o
    0x08013da4   0x0000004c   Code   RO         1112    i.sqrt              m_ws.l(sqrt.o)
    0x08013df0   0x00000150   Code   RO         1061    x$fpl$dadd          fz_ws.l(daddsub_clz.o)
    0x08013f40   0x00000018   Code   RO         1135    x$fpl$dcmpinf       fz_ws.l(dcmpi.o)
    0x08013f58   0x0000005a   Code   RO         1067    x$fpl$dfixu         fz_ws.l(dfixu.o)
    0x08013fb2   0x0000002e   Code   RO         1072    x$fpl$dflt          fz_ws.l(dflt_clz.o)
    0x08013fe0   0x00000026   Code   RO         1071    x$fpl$dfltu         fz_ws.l(dflt_clz.o)
    0x08014006   0x00000002   PAD
    0x08014008   0x00000078   Code   RO         1077    x$fpl$dleqf         fz_ws.l(dleqf.o)
    0x08014080   0x00000154   Code   RO         1079    x$fpl$dmul          fz_ws.l(dmul.o)
    0x080141d4   0x0000009c   Code   RO         1137    x$fpl$dnaninf       fz_ws.l(dnaninf.o)
    0x08014270   0x0000000c   Code   RO         1139    x$fpl$dretinf       fz_ws.l(dretinf.o)
    0x0801427c   0x0000006c   Code   RO         1081    x$fpl$drleqf        fz_ws.l(drleqf.o)
    0x080142e8   0x00000016   Code   RO         1062    x$fpl$drsb          fz_ws.l(daddsub_clz.o)
    0x080142fe   0x00000002   PAD
    0x08014300   0x000001cc   Code   RO         1141    x$fpl$dsqrt         fz_ws.l(dsqrt_noumaal.o)
    0x080144cc   0x000001d4   Code   RO         1063    x$fpl$dsub          fz_ws.l(daddsub_clz.o)
    0x080146a0   0x00000056   Code   RO         1083    x$fpl$f2d           fz_ws.l(f2d.o)
    0x080146f6   0x00000002   PAD
    0x080146f8   0x000000c4   Code   RO         1085    x$fpl$fadd          fz_ws.l(faddsub_clz.o)
    0x080147bc   0x00000184   Code   RO         1092    x$fpl$fdiv          fz_ws.l(fdiv.o)
    0x08014940   0x00000036   Code   RO         1095    x$fpl$ffix          fz_ws.l(ffix.o)
    0x08014976   0x00000002   PAD
    0x08014978   0x0000003e   Code   RO         1099    x$fpl$ffixu         fz_ws.l(ffixu.o)
    0x080149b6   0x00000002   PAD
    0x080149b8   0x00000030   Code   RO         1104    x$fpl$fflt          fz_ws.l(fflt_clz.o)
    0x080149e8   0x00000026   Code   RO         1103    x$fpl$ffltu         fz_ws.l(fflt_clz.o)
    0x08014a0e   0x00000002   PAD
    0x08014a10   0x00000102   Code   RO         1109    x$fpl$fmul          fz_ws.l(fmul.o)
    0x08014b12   0x0000008c   Code   RO         1143    x$fpl$fnaninf       fz_ws.l(fnaninf.o)
    0x08014b9e   0x0000000a   Code   RO         1145    x$fpl$fretinf       fz_ws.l(fretinf.o)
    0x08014ba8   0x000000ea   Code   RO         1087    x$fpl$fsub          fz_ws.l(faddsub_clz.o)
    0x08014c92   0x00000000   Code   RO         1147    x$fpl$usenofp       fz_ws.l(usenofp.o)
    0x08014c92   0x000017c0   Data   RO          248    .constdata          lcd.o
    0x08016452   0x0000000a   Data   RO          326    .constdata          ft5206.o
    0x0801645c   0x000000c2   Data   RO          349    .constdata          gt9147.o
    0x0801651e   0x0000000a   Data   RO          365    .constdata          ott2001a.o
    0x08016528   0x0000000c   Data   RO          381    .constdata          touch.o
    0x08016534   0x00000104   Data   RO          575    .constdata          cpu_core.o
    0x08016638   0x00000094   Data   RO          667    .constdata          lib_str.o
    0x080166cc   0x000000a4   Data   RO          688    .constdata          os_cfg_app.o
    0x08016770   0x0000016c   Data   RO          722    .constdata          os_dbg.o
    0x080168dc   0x00000028   Data   RO         1014    .constdata          c_w.l(_printf_hex_int.o)
    0x08016904   0x00000079   Data   RO          382    .conststring        touch.o
    0x0801697d   0x00000003   PAD
    0x08016980   0x00000020   Data   RO         1314    Region$$Table       anon$$obj.o


    Execution Region RW_IRAM1 (Base: 0x20000000, Size: 0x00004268, Max: 0x0000c000, ABSOLUTE, COMPRESSED[0x00000050])

    Base Addr    Size         Type   Attr      Idx    E Section Name        Object

    0x20000000   0x00000028   Data   RW            3    .data               main.o
    0x20000028   0x00000014   Data   RW          217    .data               system_stm32f10x.o
    0x2000003c   0x00000004   Data   RW          249    .data               lcd.o
    0x20000040   0x00000001   Data   RW          298    .data               key.o
    0x20000041   0x00000001   Data   RW          327    .data               ft5206.o
    0x20000042   0x00000001   Data   RW          350    .data               gt9147.o
    0x20000043   0x00000001   Data   RW          366    .data               ott2001a.o
    0x20000044   0x0000003c   Data   RW          383    .data               touch.o
    0x20000080   0x00000009   Data   RW          401    .data               remote.o
    0x20000089   0x00000001   PAD
    0x2000008a   0x00000004   Data   RW          419    .data               delay.o
    0x2000008e   0x00000002   PAD
    0x20000090   0x00000006   Data   RW          458    .data               usart.o
    0x20000096   0x00000014   Data   RW          533    .data               stm32f10x_rcc.o
    0x200000aa   0x00000002   PAD
    0x200000ac   0x00000004   Data   RW          576    .data               cpu_core.o
    0x200000b0   0x00000004   Data   RW          649    .data               lib_mem.o
    0x200000b4   0x00000008   Data   RW          803    .data               os_prio.o
    0x200000bc   0x000000c8   Data   RW          906    .data               os_var.o
    0x20000184   0x00000004   Data   RW          923    .data               os_cpu_c.o
    0x20000188   0x000015d4   Zero   RW            2    .bss                main.o
    0x2000175c   0x0000000e   Zero   RW          247    .bss                lcd.o
    0x2000176a   0x000000c8   Zero   RW          457    .bss                usart.o
    0x20001832   0x00000010   Zero   RW          574    .bss                cpu_core.o
    0x20001842   0x00000002   PAD
    0x20001844   0x00000448   Zero   RW          648    .bss                lib_mem.o
    0x20001c8c   0x00001490   Zero   RW          687    .bss                os_cfg_app.o
    0x2000311c   0x000006e0   Zero   RW          905    .bss                os_var.o
    0x200037fc   0x0000000c   Zero   RW          968    .bss                slide.o
    0x20003808   0x00000060   Zero   RW         1177    .bss                c_w.l(libspace.o)
    0x20003868   0x00000200   Zero   RW          490    HEAP                startup_stm32f10x_hd.o
    0x20003a68   0x00000800   Zero   RW          489    STACK               startup_stm32f10x_hd.o


==============================================================================

Image component sizes


      Code (inc. data)   RO Data    RW Data    ZI Data      Debug   Object Name

       378          0          0          0          0       2586   24cxx.o
       132         12          0          0          0       1111   bsp.o
        52          0          0          0          0        316   cpu_a.o
       680         14        260          4         16      14143   cpu_core.o
       608         18          0          0          0       1969   ctiic.o
       332         28          0          4          0       1729   delay.o
       820         36         10          1          0       2379   ft5206.o
       996         70        194          1          0       2766   gt9147.o
       252         16          0          1          0        796   key.o
     22598        208       6080          4         14      24231   lcd.o
        80          8          0          0          0        467   led.o
       598          0          0          0          0       3668   lib_ascii.o
      2502         32          0          4       1096      21644   lib_mem.o
       544          0          0          0          0        460   lib_mem_a.o
      2348          6        148          0          0      12982   lib_str.o
      1324        150          0         40       5588     295933   main.o
       220         22          0          0          0       1769   misc.o
       600         12          0          0          0       1824   myiic.o
       252        166        164          0       5264      20794   os_cfg_app.o
      3588        294          0          0          0      11977   os_core.o
       152         32          0          0          0        372   os_cpu_a.o
       620         66          0          4          0       3641   os_cpu_c.o
       432        286        364          0          0       4673   os_dbg.o
      3624        110          0          0          0       7643   os_flag.o
      1092        146          0          0          0       2212   os_int.o
       568         20          0          0          0       2612   os_mem.o
       556         12          0          0          0       2675   os_msg.o
      2772        114          0          0          0       5334   os_mutex.o
       124          4          0          8          0       1668   os_prio.o
      2264         76          0          0          0       6016   os_q.o
      2096         70          0          0          0       6028   os_sem.o
      1592        180          0          0          0       2717   os_stat.o
      7092        270          0          0          0      13390   os_task.o
      1276         90          0          0          0       3173   os_tick.o
      1380         46          0          0          0       3109   os_time.o
      2072        140          0          0          0       6210   os_tmr.o
         0          0          0        200       1760      19305   os_var.o
       876         56         10          1          0       2535   ott2001a.o
       680         28          0          9          0       1526   remote.o
       520         14          0          0          0       1209   render.o
       264         14          0          0         12       1018   slide.o
        64         26        304          0       2560        772   startup_stm32f10x_hd.o
       860         38          0          0          0       5617   stm32f10x_gpio.o
        22          0          0          0          0        967   stm32f10x_it.o
       932         36          0         20          0       8764   stm32f10x_rcc.o
      3610         88          0          0          0      22100   stm32f10x_tim.o
      1032         22          0          0          0       8340   stm32f10x_usart.o
         0          0          0          0          0         32   sys.o
       480         38          0         20          0       1647   system_stm32f10x.o
      3236        202        133         60          0       6431   touch.o
       336         18          0          6        200       3090   usart.o

    ----------------------------------------------------------------------
     79536       3334       7702        392      16512     578370   Object Totals
         0          0         32          0          0          0   (incl. Generated)
         8          0          3          5          2          0   (incl. Padding)

    ----------------------------------------------------------------------

      Code (inc. data)   RO Data    RW Data    ZI Data      Debug   Library Member Name

        90          0          0          0          0          0   __dczerorl2.o
         8          0          0          0          0         68   __main.o
       104          0          0          0          0         84   __printf.o
         0          0          0          0          0          0   __rtentry.o
        12          0          0          0          0          0   __rtentry2.o
         6          0          0          0          0          0   __rtentry4.o
        52          8          0          0          0          0   __scatter.o
        28          0          0          0          0          0   __scatter_zi.o
        44          0          0          0          0        108   _printf_char.o
        48          6          0          0          0         96   _printf_char_common.o
        36          4          0          0          0         80   _printf_char_file.o
         6          0          0          0          0          0   _printf_d.o
       120         16          0          0          0         92   _printf_dec.o
        88          4         40          0          0         88   _printf_hex_int.o
       178          0          0          0          0         88   _printf_intcommon.o
         0          0          0          0          0          0   _printf_percent.o
         4          0          0          0          0          0   _printf_percent_end.o
         6          0          0          0          0          0   _printf_s.o
        82          0          0          0          0         80   _printf_str.o
         6          0          0          0          0          0   _printf_x.o
        22          0          0          0          0        100   _rserrno.o
        12          0          0          0          0         72   exit.o
         8          0          0          0          0         68   ferror.o
         6          0          0          0          0        152   heapauxi.o
         2          0          0          0          0          0   libinit.o
         2          0          0          0          0          0   libinit2.o
         2          0          0          0          0          0   libshutdown.o
         2          0          0          0          0          0   libshutdown2.o
         8          4          0          0         96         68   libspace.o
       238          0          0          0          0        100   lludivv7m.o
        24          4          0          0          0         84   noretval__2printf.o
         8          4          0          0          0         68   rt_errno_addr_intlibspace.o
         2          0          0          0          0          0   rtexit.o
        10          0          0          0          0          0   rtexit2.o
       128          0          0          0          0         68   strcmpv7m.o
        74          0          0          0          0         80   sys_stackheap_outer.o
         2          0          0          0          0         68   use_no_semi.o
         2          0          0          0          0         68   use_no_semi_2.o
       826         16          0          0          0        348   daddsub_clz.o
        24          0          0          0          0         68   dcmpi.o
        90          4          0          0          0         92   dfixu.o
        84          0          0          0          0        136   dflt_clz.o
       120          4          0          0          0         92   dleqf.o
       340         12          0          0          0        104   dmul.o
       156          4          0          0          0         92   dnaninf.o
        12          0          0          0          0         68   dretinf.o
       108          0          0          0          0         80   drleqf.o
       460         56          0          0          0        120   dsqrt_noumaal.o
        86          4          0          0          0         84   f2d.o
       430          8          0          0          0        168   faddsub_clz.o
       388         76          0          0          0         96   fdiv.o
        54          4          0          0          0         84   ffix.o
        62          4          0          0          0         84   ffixu.o
        86          0          0          0          0        136   fflt_clz.o
       258          4          0          0          0         84   fmul.o
       140          4          0          0          0         84   fnaninf.o
        10          0          0          0          0         68   fretinf.o
         0          0          0          0          0          0   usenofp.o
        76          0          0          0          0         84   sqrt.o

    ----------------------------------------------------------------------
      5298        250         40          0         96       3952   Library Totals
        18          0          0          0          0          0   (incl. Padding)

    ----------------------------------------------------------------------

      Code (inc. data)   RO Data    RW Data    ZI Data      Debug   Library Name

      1470         50         40          0         96       1780   c_w.l
      3734        200          0          0          0       2088   fz_ws.l
        76          0          0          0          0         84   m_ws.l

    ----------------------------------------------------------------------
      5298        250         40          0         96       3952   Library Totals

    ----------------------------------------------------------------------

==============================================================================


      Code (inc. data)   RO Data    RW Data    ZI Data      Debug   

     84834       3584       7742        392      16608     576026   Grand Totals
     84834       3584       7742         80      16608     576026   ELF Image Totals (compressed)
     84834       3584       7742         80          0          0   ROM Totals

==============================================================================

    Total RO  Size (Code + RO Data)                92576 (  90.41kB)
    Total RW  Size (RW Data + ZI Data)             17000 (  16.60kB)
    Total ROM Size (Code + RO Data + RW Data)      92656 (  90.48kB)

==============================================================================

